[2023-12-21 15:26:32,524: INFO: common: yaml file: config\config.yaml loaded successfully]
[2023-12-21 15:26:32,546: INFO: common: yaml file: params.yaml loaded successfully]
[2023-12-21 15:26:43,170: INFO: common: yaml file: config\config.yaml loaded successfully]
[2023-12-21 15:26:43,170: INFO: common: yaml file: params.yaml loaded successfully]
[2023-12-21 15:27:00,714: INFO: common: yaml file: config\config.yaml loaded successfully]
[2023-12-21 15:27:00,728: INFO: common: yaml file: params.yaml loaded successfully]
[2023-12-21 15:27:00,732: INFO: common: yaml file: schema.yaml loaded successfully]
[2023-12-21 15:27:20,648: INFO: common: yaml file: config\config.yaml loaded successfully]
[2023-12-21 15:27:20,648: INFO: common: yaml file: params.yaml loaded successfully]
[2023-12-21 15:27:20,662: INFO: common: yaml file: schema.yaml loaded successfully]
[2023-12-21 15:27:20,662: INFO: common: created directory at: artifacts]
[2023-12-21 15:27:20,662: INFO: common: created directory at: artifacts/data_ingestion]
[2023-12-21 15:27:21,382: INFO: 1543902713: artifacts/data_ingestion/data.zip download! with following info: 
Connection: close
Content-Length: 23329
Cache-Control: max-age=300
Content-Security-Policy: default-src 'none'; style-src 'unsafe-inline'; sandbox
Content-Type: application/zip
ETag: "c69888a4ae59bc5a893392785a938ccd4937981c06ba8a9d6a21aa52b4ab5b6e"
Strict-Transport-Security: max-age=31536000
X-Content-Type-Options: nosniff
X-Frame-Options: deny
X-XSS-Protection: 1; mode=block
X-GitHub-Request-Id: 8464:4678:5616BF:6C8B9F:6584C9D7
Accept-Ranges: bytes
Date: Thu, 21 Dec 2023 23:27:20 GMT
Via: 1.1 varnish
X-Served-By: cache-pao-kpao1770065-PAO
X-Cache: MISS
X-Cache-Hits: 0
X-Timer: S1703201240.056379,VS0,VE171
Vary: Authorization,Accept-Encoding,Origin
Access-Control-Allow-Origin: *
Cross-Origin-Resource-Policy: cross-origin
X-Fastly-Request-ID: e571c7a430bda8646c7f4ce1178a4c7d73102b0e
Expires: Thu, 21 Dec 2023 23:32:20 GMT
Source-Age: 0

]
[2023-12-21 22:17:45,307: INFO: main: >>>>>> stage Data Ingestion stage started <<<<<<]
[2023-12-21 22:17:45,307: INFO: common: yaml file: config\config.yaml loaded successfully]
[2023-12-21 22:17:45,307: INFO: common: yaml file: params.yaml loaded successfully]
[2023-12-21 22:17:45,320: INFO: common: yaml file: schema.yaml loaded successfully]
[2023-12-21 22:17:45,320: INFO: common: created directory at: artifacts]
[2023-12-21 22:17:45,322: INFO: common: created directory at: artifacts/data_ingestion]
[2023-12-21 22:17:45,905: INFO: data_ingestion: artifacts/data_ingestion/data.zip download! with following info: 
Connection: close
Content-Length: 23329
Cache-Control: max-age=300
Content-Security-Policy: default-src 'none'; style-src 'unsafe-inline'; sandbox
Content-Type: application/zip
ETag: "c69888a4ae59bc5a893392785a938ccd4937981c06ba8a9d6a21aa52b4ab5b6e"
Strict-Transport-Security: max-age=31536000
X-Content-Type-Options: nosniff
X-Frame-Options: deny
X-XSS-Protection: 1; mode=block
X-GitHub-Request-Id: 53EE:6A8C:795CB:97135:65852A08
Accept-Ranges: bytes
Date: Fri, 22 Dec 2023 06:17:44 GMT
Via: 1.1 varnish
X-Served-By: cache-pao-kpao1770082-PAO
X-Cache: MISS
X-Cache-Hits: 0
X-Timer: S1703225864.459051,VS0,VE156
Vary: Authorization,Accept-Encoding,Origin
Access-Control-Allow-Origin: *
Cross-Origin-Resource-Policy: cross-origin
X-Fastly-Request-ID: b16f3852f7a96dc8b403292524ddcc4761a4d672
Expires: Fri, 22 Dec 2023 06:22:44 GMT
Source-Age: 0

]
[2023-12-21 22:17:45,918: INFO: main: >>>>>> stage Data Ingestion stage completed <<<<<<

x==========x]
[2023-12-21 22:49:53,491: INFO: common: yaml file: config\config.yaml loaded successfully]
[2023-12-21 22:49:53,502: INFO: common: yaml file: params.yaml loaded successfully]
[2023-12-21 22:49:53,507: INFO: common: yaml file: schema.yaml loaded successfully]
[2023-12-21 22:49:53,514: INFO: common: created directory at: artifacts]
[2023-12-21 22:49:53,514: INFO: common: created directory at: artifacts/data_validation]
[2023-12-21 23:03:11,675: INFO: main: >>>>>> stage Data Ingestion stage started <<<<<<]
[2023-12-21 23:03:11,675: INFO: common: yaml file: config\config.yaml loaded successfully]
[2023-12-21 23:03:11,690: INFO: common: yaml file: params.yaml loaded successfully]
[2023-12-21 23:03:11,690: INFO: common: yaml file: schema.yaml loaded successfully]
[2023-12-21 23:03:11,690: INFO: common: created directory at: artifacts]
[2023-12-21 23:03:11,695: INFO: common: created directory at: artifacts/data_ingestion]
[2023-12-21 23:03:12,395: INFO: data_ingestion: artifacts/data_ingestion/data.zip download! with following info: 
Connection: close
Content-Length: 23329
Cache-Control: max-age=300
Content-Security-Policy: default-src 'none'; style-src 'unsafe-inline'; sandbox
Content-Type: application/zip
ETag: "c69888a4ae59bc5a893392785a938ccd4937981c06ba8a9d6a21aa52b4ab5b6e"
Strict-Transport-Security: max-age=31536000
X-Content-Type-Options: nosniff
X-Frame-Options: deny
X-XSS-Protection: 1; mode=block
X-GitHub-Request-Id: 53EE:6A8C:795CB:97135:65852A08
Accept-Ranges: bytes
Date: Fri, 22 Dec 2023 07:03:10 GMT
Via: 1.1 varnish
X-Served-By: cache-pao-kpao1770058-PAO
X-Cache: HIT
X-Cache-Hits: 1
X-Timer: S1703228591.829928,VS0,VE130
Vary: Authorization,Accept-Encoding,Origin
Access-Control-Allow-Origin: *
Cross-Origin-Resource-Policy: cross-origin
X-Fastly-Request-ID: ec9f12b4ea7668ba1638912bcdaeae998e6ceb62
Expires: Fri, 22 Dec 2023 07:08:10 GMT
Source-Age: 0

]
[2023-12-21 23:03:12,420: INFO: main: >>>>>> stage Data Ingestion stage completed <<<<<<

x==========x]
[2023-12-21 23:03:12,420: INFO: main: >>>>>> stage Data Validation stage started <<<<<<]
[2023-12-21 23:03:12,428: INFO: common: yaml file: config\config.yaml loaded successfully]
[2023-12-21 23:03:12,428: INFO: common: yaml file: params.yaml loaded successfully]
[2023-12-21 23:03:12,433: INFO: common: yaml file: schema.yaml loaded successfully]
[2023-12-21 23:03:12,433: INFO: common: created directory at: artifacts]
[2023-12-21 23:03:12,459: INFO: common: created directory at: artifacts/data_validation]
[2023-12-21 23:03:12,490: INFO: main: >>>>>> stage Data Validation stage completed <<<<<<

x==========x]
[2023-12-22 11:07:24,470: INFO: common: yaml file: config\config.yaml loaded successfully]
[2023-12-22 11:07:24,484: INFO: common: yaml file: params.yaml loaded successfully]
[2023-12-22 11:07:24,499: INFO: common: yaml file: schema.yaml loaded successfully]
[2023-12-22 11:07:24,504: INFO: common: created directory at: artifacts]
[2023-12-22 11:07:57,801: INFO: common: yaml file: config\config.yaml loaded successfully]
[2023-12-22 11:07:57,810: INFO: common: yaml file: params.yaml loaded successfully]
[2023-12-22 11:07:57,810: INFO: common: yaml file: schema.yaml loaded successfully]
[2023-12-22 11:07:57,810: INFO: common: created directory at: artifacts]
[2023-12-22 11:08:18,454: INFO: common: yaml file: config\config.yaml loaded successfully]
[2023-12-22 11:08:18,456: INFO: common: yaml file: params.yaml loaded successfully]
[2023-12-22 11:08:18,460: INFO: common: yaml file: schema.yaml loaded successfully]
[2023-12-22 11:08:18,462: INFO: common: created directory at: artifacts]
[2023-12-22 11:08:18,463: INFO: common: created directory at: artifacts/data_transformation]
[2023-12-22 11:08:18,559: INFO: 2148425976: Splited data into training and test sets]
[2023-12-22 11:08:18,567: INFO: 2148425976: (1199, 12)]
[2023-12-22 11:08:18,567: INFO: 2148425976: (400, 12)]
[2023-12-22 11:25:59,485: INFO: main: >>>>>> stage Data Ingestion stage started <<<<<<]
[2023-12-22 11:25:59,485: INFO: common: yaml file: config\config.yaml loaded successfully]
[2023-12-22 11:25:59,485: INFO: common: yaml file: params.yaml loaded successfully]
[2023-12-22 11:25:59,492: INFO: common: yaml file: schema.yaml loaded successfully]
[2023-12-22 11:25:59,492: INFO: common: created directory at: artifacts]
[2023-12-22 11:25:59,494: INFO: common: created directory at: artifacts/data_ingestion]
[2023-12-22 11:25:59,494: INFO: data_ingestion: File already exists of size: ~ 23 KB]
[2023-12-22 11:25:59,542: INFO: main: >>>>>> stage Data Ingestion stage completed <<<<<<

x==========x]
[2023-12-22 11:25:59,547: INFO: main: >>>>>> stage Data Validation stage started <<<<<<]
[2023-12-22 11:25:59,549: INFO: common: yaml file: config\config.yaml loaded successfully]
[2023-12-22 11:25:59,549: INFO: common: yaml file: params.yaml loaded successfully]
[2023-12-22 11:25:59,549: INFO: common: yaml file: schema.yaml loaded successfully]
[2023-12-22 11:25:59,549: INFO: common: created directory at: artifacts]
[2023-12-22 11:25:59,549: INFO: common: created directory at: artifacts/data_validation]
[2023-12-22 11:25:59,616: INFO: main: >>>>>> stage Data Validation stage completed <<<<<<

x==========x]
[2023-12-22 11:25:59,617: INFO: main: >>>>>> stage Data Transformation stage started <<<<<<]
[2023-12-22 11:25:59,642: INFO: common: yaml file: config\config.yaml loaded successfully]
[2023-12-22 11:25:59,645: INFO: common: yaml file: params.yaml loaded successfully]
[2023-12-22 11:25:59,645: INFO: common: yaml file: schema.yaml loaded successfully]
[2023-12-22 11:25:59,649: INFO: common: created directory at: artifacts]
[2023-12-22 11:25:59,649: INFO: common: created directory at: artifacts/data_transformation]
[2023-12-22 11:25:59,676: INFO: data_transformation: Splited data into training and test sets]
[2023-12-22 11:25:59,676: INFO: data_transformation: (1199, 12)]
[2023-12-22 11:25:59,676: INFO: data_transformation: (400, 12)]
[2023-12-22 11:25:59,676: INFO: main: >>>>>> stage Data Transformation stage completed <<<<<<

x==========x]
[2023-12-22 11:26:11,765: INFO: main: >>>>>> stage Data Ingestion stage started <<<<<<]
[2023-12-22 11:26:11,765: INFO: common: yaml file: config\config.yaml loaded successfully]
[2023-12-22 11:26:11,765: INFO: common: yaml file: params.yaml loaded successfully]
[2023-12-22 11:26:11,765: INFO: common: yaml file: schema.yaml loaded successfully]
[2023-12-22 11:26:11,765: INFO: common: created directory at: artifacts]
[2023-12-22 11:26:11,772: INFO: common: created directory at: artifacts/data_ingestion]
[2023-12-22 11:26:12,437: INFO: data_ingestion: artifacts/data_ingestion/data.zip download! with following info: 
Connection: close
Content-Length: 23329
Cache-Control: max-age=300
Content-Security-Policy: default-src 'none'; style-src 'unsafe-inline'; sandbox
Content-Type: application/zip
ETag: "c69888a4ae59bc5a893392785a938ccd4937981c06ba8a9d6a21aa52b4ab5b6e"
Strict-Transport-Security: max-age=31536000
X-Content-Type-Options: nosniff
X-Frame-Options: deny
X-XSS-Protection: 1; mode=block
X-GitHub-Request-Id: A0B8:9AF7:7C1070:9DB1DC:6585E2D3
Accept-Ranges: bytes
Date: Fri, 22 Dec 2023 19:26:12 GMT
Via: 1.1 varnish
X-Served-By: cache-pao-kpao1770081-PAO
X-Cache: MISS
X-Cache-Hits: 0
X-Timer: S1703273172.195260,VS0,VE157
Vary: Authorization,Accept-Encoding,Origin
Access-Control-Allow-Origin: *
Cross-Origin-Resource-Policy: cross-origin
X-Fastly-Request-ID: 4be8628f71a01adc64df77b66861ef9288feae90
Expires: Fri, 22 Dec 2023 19:31:12 GMT
Source-Age: 0

]
[2023-12-22 11:26:12,464: INFO: main: >>>>>> stage Data Ingestion stage completed <<<<<<

x==========x]
[2023-12-22 11:26:12,465: INFO: main: >>>>>> stage Data Validation stage started <<<<<<]
[2023-12-22 11:26:12,469: INFO: common: yaml file: config\config.yaml loaded successfully]
[2023-12-22 11:26:12,469: INFO: common: yaml file: params.yaml loaded successfully]
[2023-12-22 11:26:12,473: INFO: common: yaml file: schema.yaml loaded successfully]
[2023-12-22 11:26:12,473: INFO: common: created directory at: artifacts]
[2023-12-22 11:26:12,473: INFO: common: created directory at: artifacts/data_validation]
[2023-12-22 11:26:12,498: INFO: main: >>>>>> stage Data Validation stage completed <<<<<<

x==========x]
[2023-12-22 11:26:12,499: INFO: main: >>>>>> stage Data Transformation stage started <<<<<<]
[2023-12-22 11:26:12,505: INFO: common: yaml file: config\config.yaml loaded successfully]
[2023-12-22 11:26:12,506: INFO: common: yaml file: params.yaml loaded successfully]
[2023-12-22 11:26:12,508: INFO: common: yaml file: schema.yaml loaded successfully]
[2023-12-22 11:26:12,508: INFO: common: created directory at: artifacts]
[2023-12-22 11:26:12,510: INFO: common: created directory at: artifacts/data_transformation]
[2023-12-22 11:26:12,563: INFO: data_transformation: Splited data into training and test sets]
[2023-12-22 11:26:12,563: INFO: data_transformation: (1199, 12)]
[2023-12-22 11:26:12,564: INFO: data_transformation: (400, 12)]
[2023-12-22 11:26:12,565: INFO: main: >>>>>> stage Data Transformation stage completed <<<<<<

x==========x]
[2023-12-22 11:40:22,250: INFO: common: yaml file: config\config.yaml loaded successfully]
[2023-12-22 11:40:22,260: INFO: common: yaml file: params.yaml loaded successfully]
[2023-12-22 11:40:22,260: INFO: common: yaml file: schema.yaml loaded successfully]
[2023-12-22 11:40:22,267: INFO: common: created directory at: artifacts]
[2023-12-22 11:40:22,270: INFO: common: created directory at: artifacts/model_trainer]
[2023-12-22 12:31:53,376: INFO: main: >>>>>> stage Data Ingestion stage started <<<<<<]
[2023-12-22 12:31:53,384: INFO: common: yaml file: config\config.yaml loaded successfully]
[2023-12-22 12:31:53,392: INFO: common: yaml file: params.yaml loaded successfully]
[2023-12-22 12:31:53,416: INFO: common: yaml file: schema.yaml loaded successfully]
[2023-12-22 12:31:53,426: INFO: common: created directory at: artifacts]
[2023-12-22 12:31:53,426: INFO: common: created directory at: artifacts/data_ingestion]
[2023-12-22 12:31:54,187: INFO: data_ingestion: artifacts/data_ingestion/data.zip download! with following info: 
Connection: close
Content-Length: 23329
Cache-Control: max-age=300
Content-Security-Policy: default-src 'none'; style-src 'unsafe-inline'; sandbox
Content-Type: application/zip
ETag: "c69888a4ae59bc5a893392785a938ccd4937981c06ba8a9d6a21aa52b4ab5b6e"
Strict-Transport-Security: max-age=31536000
X-Content-Type-Options: nosniff
X-Frame-Options: deny
X-XSS-Protection: 1; mode=block
X-GitHub-Request-Id: A0B8:9AF7:7C1070:9DB1DC:6585E2D3
Accept-Ranges: bytes
Date: Fri, 22 Dec 2023 20:31:54 GMT
Via: 1.1 varnish
X-Served-By: cache-pao-kpao1770033-PAO
X-Cache: HIT
X-Cache-Hits: 1
X-Timer: S1703277114.972326,VS0,VE158
Vary: Authorization,Accept-Encoding,Origin
Access-Control-Allow-Origin: *
Cross-Origin-Resource-Policy: cross-origin
X-Fastly-Request-ID: 8cf512760e2041b9fcd8556153f6056b671b852b
Expires: Fri, 22 Dec 2023 20:36:54 GMT
Source-Age: 0

]
[2023-12-22 12:31:54,199: INFO: main: >>>>>> stage Data Ingestion stage completed <<<<<<

x==========x]
[2023-12-22 12:31:54,199: INFO: main: >>>>>> stage Data Validation stage started <<<<<<]
[2023-12-22 12:31:54,204: INFO: common: yaml file: config\config.yaml loaded successfully]
[2023-12-22 12:31:54,207: INFO: common: yaml file: params.yaml loaded successfully]
[2023-12-22 12:31:54,207: INFO: common: yaml file: schema.yaml loaded successfully]
[2023-12-22 12:31:54,207: INFO: common: created directory at: artifacts]
[2023-12-22 12:31:54,207: INFO: common: created directory at: artifacts/data_validation]
[2023-12-22 12:31:54,258: INFO: main: >>>>>> stage Data Validation stage completed <<<<<<

x==========x]
[2023-12-22 12:31:54,259: INFO: main: >>>>>> stage Data Transformation stage started <<<<<<]
[2023-12-22 12:31:54,282: INFO: common: yaml file: config\config.yaml loaded successfully]
[2023-12-22 12:31:54,295: INFO: common: yaml file: params.yaml loaded successfully]
[2023-12-22 12:31:54,299: INFO: common: yaml file: schema.yaml loaded successfully]
[2023-12-22 12:31:54,299: INFO: common: created directory at: artifacts]
[2023-12-22 12:31:54,324: INFO: common: created directory at: artifacts/data_transformation]
[2023-12-22 12:31:54,355: INFO: data_transformation: Splited data into training and test sets]
[2023-12-22 12:31:54,357: INFO: data_transformation: (1199, 12)]
[2023-12-22 12:31:54,357: INFO: data_transformation: (400, 12)]
[2023-12-22 12:31:54,358: INFO: main: >>>>>> stage Data Transformation stage completed <<<<<<

x==========x]
[2023-12-22 12:32:09,045: INFO: main: >>>>>> stage Data Ingestion stage started <<<<<<]
[2023-12-22 12:32:09,045: INFO: common: yaml file: config\config.yaml loaded successfully]
[2023-12-22 12:32:09,045: INFO: common: yaml file: params.yaml loaded successfully]
[2023-12-22 12:32:09,045: INFO: common: yaml file: schema.yaml loaded successfully]
[2023-12-22 12:32:09,045: INFO: common: created directory at: artifacts]
[2023-12-22 12:32:09,054: INFO: common: created directory at: artifacts/data_ingestion]
[2023-12-22 12:32:09,455: INFO: data_ingestion: artifacts/data_ingestion/data.zip download! with following info: 
Connection: close
Content-Length: 23329
Cache-Control: max-age=300
Content-Security-Policy: default-src 'none'; style-src 'unsafe-inline'; sandbox
Content-Type: application/zip
ETag: "c69888a4ae59bc5a893392785a938ccd4937981c06ba8a9d6a21aa52b4ab5b6e"
Strict-Transport-Security: max-age=31536000
X-Content-Type-Options: nosniff
X-Frame-Options: deny
X-XSS-Protection: 1; mode=block
X-GitHub-Request-Id: A0B8:9AF7:7C1070:9DB1DC:6585E2D3
Accept-Ranges: bytes
Date: Fri, 22 Dec 2023 20:32:09 GMT
Via: 1.1 varnish
X-Served-By: cache-pao-kpao1770054-PAO
X-Cache: HIT
X-Cache-Hits: 1
X-Timer: S1703277129.413474,VS0,VE1
Vary: Authorization,Accept-Encoding,Origin
Access-Control-Allow-Origin: *
Cross-Origin-Resource-Policy: cross-origin
X-Fastly-Request-ID: ae7fdc75c50aec21946f0ec0b699e3bc5dff78b8
Expires: Fri, 22 Dec 2023 20:37:09 GMT
Source-Age: 15

]
[2023-12-22 12:32:09,487: INFO: main: >>>>>> stage Data Ingestion stage completed <<<<<<

x==========x]
[2023-12-22 12:32:09,488: INFO: main: >>>>>> stage Data Validation stage started <<<<<<]
[2023-12-22 12:32:09,495: INFO: common: yaml file: config\config.yaml loaded successfully]
[2023-12-22 12:32:09,497: INFO: common: yaml file: params.yaml loaded successfully]
[2023-12-22 12:32:09,501: INFO: common: yaml file: schema.yaml loaded successfully]
[2023-12-22 12:32:09,501: INFO: common: created directory at: artifacts]
[2023-12-22 12:32:09,501: INFO: common: created directory at: artifacts/data_validation]
[2023-12-22 12:32:09,554: INFO: main: >>>>>> stage Data Validation stage completed <<<<<<

x==========x]
[2023-12-22 12:32:09,557: INFO: main: >>>>>> stage Data Transformation stage started <<<<<<]
[2023-12-22 12:32:09,577: INFO: common: yaml file: config\config.yaml loaded successfully]
[2023-12-22 12:32:09,580: INFO: common: yaml file: params.yaml loaded successfully]
[2023-12-22 12:32:09,581: INFO: common: yaml file: schema.yaml loaded successfully]
[2023-12-22 12:32:09,581: INFO: common: created directory at: artifacts]
[2023-12-22 12:32:09,581: INFO: common: created directory at: artifacts/data_transformation]
[2023-12-22 12:32:09,609: INFO: data_transformation: Splited data into training and test sets]
[2023-12-22 12:32:09,609: INFO: data_transformation: (1199, 12)]
[2023-12-22 12:32:09,611: INFO: data_transformation: (400, 12)]
[2023-12-22 12:32:09,611: INFO: main: >>>>>> stage Data Transformation stage completed <<<<<<

x==========x]
[2023-12-22 12:39:14,250: INFO: main: >>>>>> stage Data Ingestion stage started <<<<<<]
[2023-12-22 12:39:14,253: INFO: common: yaml file: config\config.yaml loaded successfully]
[2023-12-22 12:39:14,253: INFO: common: yaml file: params.yaml loaded successfully]
[2023-12-22 12:39:14,253: INFO: common: yaml file: schema.yaml loaded successfully]
[2023-12-22 12:39:14,253: INFO: common: created directory at: artifacts]
[2023-12-22 12:39:14,259: INFO: common: created directory at: artifacts/data_ingestion]
[2023-12-22 12:39:14,259: INFO: data_ingestion: File already exists of size: ~ 23 KB]
[2023-12-22 12:39:14,262: INFO: main: >>>>>> stage Data Ingestion stage completed <<<<<<

x==========x]
[2023-12-22 12:39:14,264: INFO: main: >>>>>> stage Data Validation stage started <<<<<<]
[2023-12-22 12:39:14,265: INFO: common: yaml file: config\config.yaml loaded successfully]
[2023-12-22 12:39:14,271: INFO: common: yaml file: params.yaml loaded successfully]
[2023-12-22 12:39:14,278: INFO: common: yaml file: schema.yaml loaded successfully]
[2023-12-22 12:39:14,279: INFO: common: created directory at: artifacts]
[2023-12-22 12:39:14,284: INFO: common: created directory at: artifacts/data_validation]
[2023-12-22 12:39:14,317: INFO: main: >>>>>> stage Data Validation stage completed <<<<<<

x==========x]
[2023-12-22 12:39:14,318: INFO: main: >>>>>> stage Data Transformation stage started <<<<<<]
[2023-12-22 12:39:14,322: INFO: common: yaml file: config\config.yaml loaded successfully]
[2023-12-22 12:39:14,324: INFO: common: yaml file: params.yaml loaded successfully]
[2023-12-22 12:39:14,327: INFO: common: yaml file: schema.yaml loaded successfully]
[2023-12-22 12:39:14,327: INFO: common: created directory at: artifacts]
[2023-12-22 12:39:14,327: INFO: common: created directory at: artifacts/data_transformation]
[2023-12-22 12:39:14,345: INFO: data_transformation: Splited data into training and test sets]
[2023-12-22 12:39:14,351: INFO: data_transformation: (1199, 12)]
[2023-12-22 12:39:14,351: INFO: data_transformation: (400, 12)]
[2023-12-22 12:39:14,353: INFO: main: >>>>>> stage Data Transformation stage completed <<<<<<

x==========x]
[2023-12-22 12:39:14,353: INFO: main: >>>>>> stage Model Trainer stage started <<<<<<]
[2023-12-22 12:39:14,353: ERROR: main: name 'ModelTrainerTrainingPipeline' is not defined]
Traceback (most recent call last):
  File "main.py", line 43, in <module>
    data_ingestion = ModelTrainerTrainingPipeline()
NameError: name 'ModelTrainerTrainingPipeline' is not defined
[2023-12-22 12:46:04,949: INFO: main: >>>>>> stage Data Ingestion stage started <<<<<<]
[2023-12-22 12:46:04,949: INFO: common: yaml file: config\config.yaml loaded successfully]
[2023-12-22 12:46:04,957: INFO: common: yaml file: params.yaml loaded successfully]
[2023-12-22 12:46:04,957: INFO: common: yaml file: schema.yaml loaded successfully]
[2023-12-22 12:46:04,957: INFO: common: created directory at: artifacts]
[2023-12-22 12:46:04,957: INFO: common: created directory at: artifacts/data_ingestion]
[2023-12-22 12:46:04,957: INFO: data_ingestion: File already exists of size: ~ 23 KB]
[2023-12-22 12:46:04,965: INFO: main: >>>>>> stage Data Ingestion stage completed <<<<<<

x==========x]
[2023-12-22 12:46:04,976: INFO: main: >>>>>> stage Data Validation stage started <<<<<<]
[2023-12-22 12:46:04,976: INFO: common: yaml file: config\config.yaml loaded successfully]
[2023-12-22 12:46:04,976: INFO: common: yaml file: params.yaml loaded successfully]
[2023-12-22 12:46:04,984: INFO: common: yaml file: schema.yaml loaded successfully]
[2023-12-22 12:46:04,987: INFO: common: created directory at: artifacts]
[2023-12-22 12:46:04,987: INFO: common: created directory at: artifacts/data_validation]
[2023-12-22 12:46:05,014: INFO: main: >>>>>> stage Data Validation stage completed <<<<<<

x==========x]
[2023-12-22 12:46:05,014: INFO: main: >>>>>> stage Data Transformation stage started <<<<<<]
[2023-12-22 12:46:05,018: INFO: common: yaml file: config\config.yaml loaded successfully]
[2023-12-22 12:46:05,018: INFO: common: yaml file: params.yaml loaded successfully]
[2023-12-22 12:46:05,034: INFO: common: yaml file: schema.yaml loaded successfully]
[2023-12-22 12:46:05,042: INFO: common: created directory at: artifacts]
[2023-12-22 12:46:05,046: INFO: common: created directory at: artifacts/data_transformation]
[2023-12-22 12:46:05,068: INFO: data_transformation: Splited data into training and test sets]
[2023-12-22 12:46:05,068: INFO: data_transformation: (1199, 12)]
[2023-12-22 12:46:05,068: INFO: data_transformation: (400, 12)]
[2023-12-22 12:46:05,068: INFO: main: >>>>>> stage Data Transformation stage completed <<<<<<

x==========x]
[2023-12-22 12:46:05,068: INFO: main: >>>>>> stage Model Trainer stage started <<<<<<]
[2023-12-22 12:46:05,079: INFO: common: yaml file: config\config.yaml loaded successfully]
[2023-12-22 12:46:05,079: INFO: common: yaml file: params.yaml loaded successfully]
[2023-12-22 12:46:05,079: INFO: common: yaml file: schema.yaml loaded successfully]
[2023-12-22 12:46:05,079: INFO: common: created directory at: artifacts]
[2023-12-22 12:46:05,079: INFO: common: created directory at: artifacts/model_trainer]
[2023-12-22 12:46:05,085: ERROR: main: name 'pd' is not defined]
Traceback (most recent call last):
  File "main.py", line 44, in <module>
    data_ingestion.main()
  File "c:\users\saivi\end_to_end_wine_quality_project\src\mlProject\pipeline\stage_04_model_trainer.py", line 17, in main
    model_trainer_config.train()
  File "c:\users\saivi\end_to_end_wine_quality_project\src\mlProject\components\model_trainer.py", line 9, in train
    train_data = pd.read_csv(self.config.train_data_path)
NameError: name 'pd' is not defined
[2023-12-22 12:46:22,039: INFO: main: >>>>>> stage Data Ingestion stage started <<<<<<]
[2023-12-22 12:46:22,039: INFO: common: yaml file: config\config.yaml loaded successfully]
[2023-12-22 12:46:22,039: INFO: common: yaml file: params.yaml loaded successfully]
[2023-12-22 12:46:22,039: INFO: common: yaml file: schema.yaml loaded successfully]
[2023-12-22 12:46:22,054: INFO: common: created directory at: artifacts]
[2023-12-22 12:46:22,054: INFO: common: created directory at: artifacts/data_ingestion]
[2023-12-22 12:46:22,056: INFO: data_ingestion: File already exists of size: ~ 23 KB]
[2023-12-22 12:46:22,063: INFO: main: >>>>>> stage Data Ingestion stage completed <<<<<<

x==========x]
[2023-12-22 12:46:22,066: INFO: main: >>>>>> stage Data Validation stage started <<<<<<]
[2023-12-22 12:46:22,073: INFO: common: yaml file: config\config.yaml loaded successfully]
[2023-12-22 12:46:22,076: INFO: common: yaml file: params.yaml loaded successfully]
[2023-12-22 12:46:22,076: INFO: common: yaml file: schema.yaml loaded successfully]
[2023-12-22 12:46:22,076: INFO: common: created directory at: artifacts]
[2023-12-22 12:46:22,076: INFO: common: created directory at: artifacts/data_validation]
[2023-12-22 12:46:22,124: INFO: main: >>>>>> stage Data Validation stage completed <<<<<<

x==========x]
[2023-12-22 12:46:22,124: INFO: main: >>>>>> stage Data Transformation stage started <<<<<<]
[2023-12-22 12:46:22,124: INFO: common: yaml file: config\config.yaml loaded successfully]
[2023-12-22 12:46:22,133: INFO: common: yaml file: params.yaml loaded successfully]
[2023-12-22 12:46:22,135: INFO: common: yaml file: schema.yaml loaded successfully]
[2023-12-22 12:46:22,135: INFO: common: created directory at: artifacts]
[2023-12-22 12:46:22,135: INFO: common: created directory at: artifacts/data_transformation]
[2023-12-22 12:46:22,158: INFO: data_transformation: Splited data into training and test sets]
[2023-12-22 12:46:22,158: INFO: data_transformation: (1199, 12)]
[2023-12-22 12:46:22,158: INFO: data_transformation: (400, 12)]
[2023-12-22 12:46:22,158: INFO: main: >>>>>> stage Data Transformation stage completed <<<<<<

x==========x]
[2023-12-22 12:46:22,158: INFO: main: >>>>>> stage Model Trainer stage started <<<<<<]
[2023-12-22 12:46:22,158: INFO: common: yaml file: config\config.yaml loaded successfully]
[2023-12-22 12:46:22,158: INFO: common: yaml file: params.yaml loaded successfully]
[2023-12-22 12:46:22,168: INFO: common: yaml file: schema.yaml loaded successfully]
[2023-12-22 12:46:22,168: INFO: common: created directory at: artifacts]
[2023-12-22 12:46:22,168: INFO: common: created directory at: artifacts/model_trainer]
[2023-12-22 12:46:22,218: ERROR: main: name 'ElasticNet' is not defined]
Traceback (most recent call last):
  File "main.py", line 44, in <module>
    data_ingestion.main()
  File "c:\users\saivi\end_to_end_wine_quality_project\src\mlProject\pipeline\stage_04_model_trainer.py", line 17, in main
    model_trainer_config.train()
  File "c:\users\saivi\end_to_end_wine_quality_project\src\mlProject\components\model_trainer.py", line 19, in train
    lr = ElasticNet(alpha=self.config.alpha, l1_ratio=self.config.l1_ratio, random_state=42)
NameError: name 'ElasticNet' is not defined
[2023-12-22 12:46:42,883: INFO: main: >>>>>> stage Data Ingestion stage started <<<<<<]
[2023-12-22 12:46:42,896: INFO: common: yaml file: config\config.yaml loaded successfully]
[2023-12-22 12:46:42,899: INFO: common: yaml file: params.yaml loaded successfully]
[2023-12-22 12:46:42,899: INFO: common: yaml file: schema.yaml loaded successfully]
[2023-12-22 12:46:42,899: INFO: common: created directory at: artifacts]
[2023-12-22 12:46:42,899: INFO: common: created directory at: artifacts/data_ingestion]
[2023-12-22 12:46:42,899: INFO: data_ingestion: File already exists of size: ~ 23 KB]
[2023-12-22 12:46:42,899: INFO: main: >>>>>> stage Data Ingestion stage completed <<<<<<

x==========x]
[2023-12-22 12:46:42,899: INFO: main: >>>>>> stage Data Validation stage started <<<<<<]
[2023-12-22 12:46:42,908: INFO: common: yaml file: config\config.yaml loaded successfully]
[2023-12-22 12:46:42,911: INFO: common: yaml file: params.yaml loaded successfully]
[2023-12-22 12:46:42,911: INFO: common: yaml file: schema.yaml loaded successfully]
[2023-12-22 12:46:42,911: INFO: common: created directory at: artifacts]
[2023-12-22 12:46:42,911: INFO: common: created directory at: artifacts/data_validation]
[2023-12-22 12:46:42,937: INFO: main: >>>>>> stage Data Validation stage completed <<<<<<

x==========x]
[2023-12-22 12:46:42,938: INFO: main: >>>>>> stage Data Transformation stage started <<<<<<]
[2023-12-22 12:46:42,943: INFO: common: yaml file: config\config.yaml loaded successfully]
[2023-12-22 12:46:42,943: INFO: common: yaml file: params.yaml loaded successfully]
[2023-12-22 12:46:42,948: INFO: common: yaml file: schema.yaml loaded successfully]
[2023-12-22 12:46:42,948: INFO: common: created directory at: artifacts]
[2023-12-22 12:46:42,958: INFO: common: created directory at: artifacts/data_transformation]
[2023-12-22 12:46:42,990: INFO: data_transformation: Splited data into training and test sets]
[2023-12-22 12:46:42,990: INFO: data_transformation: (1199, 12)]
[2023-12-22 12:46:42,990: INFO: data_transformation: (400, 12)]
[2023-12-22 12:46:42,990: INFO: main: >>>>>> stage Data Transformation stage completed <<<<<<

x==========x]
[2023-12-22 12:46:42,990: INFO: main: >>>>>> stage Model Trainer stage started <<<<<<]
[2023-12-22 12:46:42,999: INFO: common: yaml file: config\config.yaml loaded successfully]
[2023-12-22 12:46:42,999: INFO: common: yaml file: params.yaml loaded successfully]
[2023-12-22 12:46:43,003: INFO: common: yaml file: schema.yaml loaded successfully]
[2023-12-22 12:46:43,003: INFO: common: created directory at: artifacts]
[2023-12-22 12:46:43,003: INFO: common: created directory at: artifacts/model_trainer]
[2023-12-22 12:46:43,052: ERROR: main: name 'ElasticNet' is not defined]
Traceback (most recent call last):
  File "main.py", line 44, in <module>
    data_ingestion.main()
  File "c:\users\saivi\end_to_end_wine_quality_project\src\mlProject\pipeline\stage_04_model_trainer.py", line 17, in main
    model_trainer_config.train()
  File "c:\users\saivi\end_to_end_wine_quality_project\src\mlProject\components\model_trainer.py", line 19, in train
    lr = ElasticNet(alpha=self.config.alpha, l1_ratio=self.config.l1_ratio, random_state=42)
NameError: name 'ElasticNet' is not defined
[2023-12-22 12:47:12,987: INFO: main: >>>>>> stage Data Ingestion stage started <<<<<<]
[2023-12-22 12:47:12,991: INFO: common: yaml file: config\config.yaml loaded successfully]
[2023-12-22 12:47:12,991: INFO: common: yaml file: params.yaml loaded successfully]
[2023-12-22 12:47:12,991: INFO: common: yaml file: schema.yaml loaded successfully]
[2023-12-22 12:47:12,991: INFO: common: created directory at: artifacts]
[2023-12-22 12:47:12,991: INFO: common: created directory at: artifacts/data_ingestion]
[2023-12-22 12:47:12,991: INFO: data_ingestion: File already exists of size: ~ 23 KB]
[2023-12-22 12:47:12,991: INFO: main: >>>>>> stage Data Ingestion stage completed <<<<<<

x==========x]
[2023-12-22 12:47:12,991: INFO: main: >>>>>> stage Data Validation stage started <<<<<<]
[2023-12-22 12:47:13,004: INFO: common: yaml file: config\config.yaml loaded successfully]
[2023-12-22 12:47:13,004: INFO: common: yaml file: params.yaml loaded successfully]
[2023-12-22 12:47:13,004: INFO: common: yaml file: schema.yaml loaded successfully]
[2023-12-22 12:47:13,004: INFO: common: created directory at: artifacts]
[2023-12-22 12:47:13,004: INFO: common: created directory at: artifacts/data_validation]
[2023-12-22 12:47:13,037: INFO: main: >>>>>> stage Data Validation stage completed <<<<<<

x==========x]
[2023-12-22 12:47:13,037: INFO: main: >>>>>> stage Data Transformation stage started <<<<<<]
[2023-12-22 12:47:13,044: INFO: common: yaml file: config\config.yaml loaded successfully]
[2023-12-22 12:47:13,045: INFO: common: yaml file: params.yaml loaded successfully]
[2023-12-22 12:47:13,049: INFO: common: yaml file: schema.yaml loaded successfully]
[2023-12-22 12:47:13,050: INFO: common: created directory at: artifacts]
[2023-12-22 12:47:13,050: INFO: common: created directory at: artifacts/data_transformation]
[2023-12-22 12:47:13,094: INFO: data_transformation: Splited data into training and test sets]
[2023-12-22 12:47:13,094: INFO: data_transformation: (1199, 12)]
[2023-12-22 12:47:13,095: INFO: data_transformation: (400, 12)]
[2023-12-22 12:47:13,096: INFO: main: >>>>>> stage Data Transformation stage completed <<<<<<

x==========x]
[2023-12-22 12:47:13,096: INFO: main: >>>>>> stage Model Trainer stage started <<<<<<]
[2023-12-22 12:47:13,096: INFO: common: yaml file: config\config.yaml loaded successfully]
[2023-12-22 12:47:13,096: INFO: common: yaml file: params.yaml loaded successfully]
[2023-12-22 12:47:13,105: INFO: common: yaml file: schema.yaml loaded successfully]
[2023-12-22 12:47:13,105: INFO: common: created directory at: artifacts]
[2023-12-22 12:47:13,105: INFO: common: created directory at: artifacts/model_trainer]
[2023-12-22 12:47:13,145: INFO: main: >>>>>> stage Model Trainer stage completed <<<<<<

x==========x]
[2023-12-22 12:47:21,966: INFO: main: >>>>>> stage Data Ingestion stage started <<<<<<]
[2023-12-22 12:47:21,966: INFO: common: yaml file: config\config.yaml loaded successfully]
[2023-12-22 12:47:21,966: INFO: common: yaml file: params.yaml loaded successfully]
[2023-12-22 12:47:21,966: INFO: common: yaml file: schema.yaml loaded successfully]
[2023-12-22 12:47:21,966: INFO: common: created directory at: artifacts]
[2023-12-22 12:47:21,974: INFO: common: created directory at: artifacts/data_ingestion]
[2023-12-22 12:47:22,840: INFO: data_ingestion: artifacts/data_ingestion/data.zip download! with following info: 
Connection: close
Content-Length: 23329
Cache-Control: max-age=300
Content-Security-Policy: default-src 'none'; style-src 'unsafe-inline'; sandbox
Content-Type: application/zip
ETag: "c69888a4ae59bc5a893392785a938ccd4937981c06ba8a9d6a21aa52b4ab5b6e"
Strict-Transport-Security: max-age=31536000
X-Content-Type-Options: nosniff
X-Frame-Options: deny
X-XSS-Protection: 1; mode=block
X-GitHub-Request-Id: A0B8:9AF7:7C1070:9DB1DC:6585E2D3
Accept-Ranges: bytes
Date: Fri, 22 Dec 2023 20:47:22 GMT
Via: 1.1 varnish
X-Served-By: cache-pao-kpao1770057-PAO
X-Cache: HIT
X-Cache-Hits: 1
X-Timer: S1703278042.347300,VS0,VE418
Vary: Authorization,Accept-Encoding,Origin
Access-Control-Allow-Origin: *
Cross-Origin-Resource-Policy: cross-origin
X-Fastly-Request-ID: 6bce8858fce19f7e5d6a6e78c407b4a6074862af
Expires: Fri, 22 Dec 2023 20:52:22 GMT
Source-Age: 0

]
[2023-12-22 12:47:22,856: INFO: main: >>>>>> stage Data Ingestion stage completed <<<<<<

x==========x]
[2023-12-22 12:47:22,861: INFO: main: >>>>>> stage Data Validation stage started <<<<<<]
[2023-12-22 12:47:22,865: INFO: common: yaml file: config\config.yaml loaded successfully]
[2023-12-22 12:47:22,865: INFO: common: yaml file: params.yaml loaded successfully]
[2023-12-22 12:47:22,865: INFO: common: yaml file: schema.yaml loaded successfully]
[2023-12-22 12:47:22,865: INFO: common: created directory at: artifacts]
[2023-12-22 12:47:22,869: INFO: common: created directory at: artifacts/data_validation]
[2023-12-22 12:47:22,891: INFO: main: >>>>>> stage Data Validation stage completed <<<<<<

x==========x]
[2023-12-22 12:47:22,891: INFO: main: >>>>>> stage Data Transformation stage started <<<<<<]
[2023-12-22 12:47:22,895: INFO: common: yaml file: config\config.yaml loaded successfully]
[2023-12-22 12:47:22,903: INFO: common: yaml file: params.yaml loaded successfully]
[2023-12-22 12:47:22,905: INFO: common: yaml file: schema.yaml loaded successfully]
[2023-12-22 12:47:22,906: INFO: common: created directory at: artifacts]
[2023-12-22 12:47:22,906: INFO: common: created directory at: artifacts/data_transformation]
[2023-12-22 12:47:22,954: INFO: data_transformation: Splited data into training and test sets]
[2023-12-22 12:47:22,954: INFO: data_transformation: (1199, 12)]
[2023-12-22 12:47:22,954: INFO: data_transformation: (400, 12)]
[2023-12-22 12:47:22,956: INFO: main: >>>>>> stage Data Transformation stage completed <<<<<<

x==========x]
[2023-12-22 12:47:22,957: INFO: main: >>>>>> stage Model Trainer stage started <<<<<<]
[2023-12-22 12:47:22,960: INFO: common: yaml file: config\config.yaml loaded successfully]
[2023-12-22 12:47:22,960: INFO: common: yaml file: params.yaml loaded successfully]
[2023-12-22 12:47:22,960: INFO: common: yaml file: schema.yaml loaded successfully]
[2023-12-22 12:47:22,960: INFO: common: created directory at: artifacts]
[2023-12-22 12:47:22,960: INFO: common: created directory at: artifacts/model_trainer]
[2023-12-22 12:47:23,007: INFO: main: >>>>>> stage Model Trainer stage completed <<<<<<

x==========x]
[2023-12-22 13:40:12,746: INFO: common: yaml file: config\config.yaml loaded successfully]
[2023-12-22 13:40:12,748: INFO: common: yaml file: params.yaml loaded successfully]
[2023-12-22 13:40:12,750: INFO: common: yaml file: schema.yaml loaded successfully]
[2023-12-22 13:40:12,752: INFO: common: created directory at: artifacts]
[2023-12-22 13:40:12,753: INFO: common: created directory at: artifacts/model_evaluation]
[2023-12-22 13:40:12,840: INFO: common: json file saved at: artifacts\model_evaluation\metrics.json]
[2023-12-22 13:45:28,694: INFO: common: yaml file: config\config.yaml loaded successfully]
[2023-12-22 13:45:28,696: INFO: common: yaml file: params.yaml loaded successfully]
[2023-12-22 13:45:28,701: INFO: common: yaml file: schema.yaml loaded successfully]
[2023-12-22 13:45:28,703: INFO: common: created directory at: artifacts]
[2023-12-22 13:45:28,704: INFO: common: created directory at: artifacts/model_evaluation]
[2023-12-22 15:04:31,587: INFO: common: yaml file: config\config.yaml loaded successfully]
[2023-12-22 15:04:31,593: INFO: common: yaml file: params.yaml loaded successfully]
[2023-12-22 15:04:31,597: INFO: common: yaml file: schema.yaml loaded successfully]
[2023-12-22 15:04:31,597: INFO: common: created directory at: artifacts]
[2023-12-22 15:04:31,604: INFO: common: created directory at: artifacts/model_evaluation]
[2023-12-22 15:04:55,104: INFO: common: yaml file: config\config.yaml loaded successfully]
[2023-12-22 15:04:55,105: INFO: common: yaml file: params.yaml loaded successfully]
[2023-12-22 15:04:55,108: INFO: common: yaml file: schema.yaml loaded successfully]
[2023-12-22 15:04:55,110: INFO: common: created directory at: artifacts]
[2023-12-22 15:04:55,113: INFO: common: created directory at: artifacts/model_evaluation]
[2023-12-22 15:04:55,161: INFO: common: json file saved at: artifacts\model_evaluation\metrics.json]
[2023-12-22 15:21:42,875: INFO: common: yaml file: config\config.yaml loaded successfully]
[2023-12-22 15:21:42,883: INFO: common: yaml file: params.yaml loaded successfully]
[2023-12-22 15:21:42,883: INFO: common: yaml file: schema.yaml loaded successfully]
[2023-12-22 15:21:42,883: INFO: common: created directory at: artifacts]
[2023-12-22 15:21:42,891: INFO: common: created directory at: artifacts/model_evaluation]
[2023-12-22 15:22:09,934: INFO: common: yaml file: config\config.yaml loaded successfully]
[2023-12-22 15:22:09,942: INFO: common: yaml file: params.yaml loaded successfully]
[2023-12-22 15:22:09,950: INFO: common: yaml file: schema.yaml loaded successfully]
[2023-12-22 15:22:09,951: INFO: common: created directory at: artifacts]
[2023-12-22 15:22:09,952: INFO: common: created directory at: artifacts/model_evaluation]
[2023-12-22 15:22:32,950: INFO: common: yaml file: config\config.yaml loaded successfully]
[2023-12-22 15:22:32,960: INFO: common: yaml file: params.yaml loaded successfully]
[2023-12-22 15:22:32,963: INFO: common: yaml file: schema.yaml loaded successfully]
[2023-12-22 15:22:32,965: INFO: common: created directory at: artifacts]
[2023-12-22 15:22:32,966: INFO: common: created directory at: artifacts/model_evaluation]
[2023-12-22 15:23:40,323: INFO: common: yaml file: config\config.yaml loaded successfully]
[2023-12-22 15:23:40,323: INFO: common: yaml file: params.yaml loaded successfully]
[2023-12-22 15:23:40,331: INFO: common: yaml file: schema.yaml loaded successfully]
[2023-12-22 15:23:40,331: INFO: common: created directory at: artifacts]
[2023-12-22 15:23:40,331: INFO: common: created directory at: artifacts/model_evaluation]
[2023-12-22 15:23:40,680: INFO: common: json file saved at: artifacts\model_evaluation\metrics.json]
[2023-12-22 15:24:14,638: INFO: common: yaml file: config\config.yaml loaded successfully]
[2023-12-22 15:24:14,638: INFO: common: yaml file: params.yaml loaded successfully]
[2023-12-22 15:24:14,646: INFO: common: yaml file: schema.yaml loaded successfully]
[2023-12-22 15:24:14,646: INFO: common: created directory at: artifacts]
[2023-12-22 15:24:14,646: INFO: common: created directory at: artifacts/model_evaluation]
[2023-12-22 15:24:14,801: INFO: common: json file saved at: artifacts\model_evaluation\metrics.json]
[2023-12-22 15:24:37,856: INFO: common: yaml file: config\config.yaml loaded successfully]
[2023-12-22 15:24:37,860: INFO: common: yaml file: params.yaml loaded successfully]
[2023-12-22 15:24:37,866: INFO: common: yaml file: schema.yaml loaded successfully]
[2023-12-22 15:24:37,868: INFO: common: created directory at: artifacts]
[2023-12-22 15:24:37,870: INFO: common: created directory at: artifacts/model_evaluation]
[2023-12-22 15:24:38,001: INFO: common: json file saved at: artifacts\model_evaluation\metrics.json]
[2023-12-22 15:30:09,065: INFO: common: yaml file: config\config.yaml loaded successfully]
[2023-12-22 15:30:09,065: INFO: common: yaml file: params.yaml loaded successfully]
[2023-12-22 15:30:09,073: INFO: common: yaml file: schema.yaml loaded successfully]
[2023-12-22 15:30:09,073: INFO: common: created directory at: artifacts]
[2023-12-22 15:30:09,073: INFO: common: created directory at: artifacts/model_evaluation]
[2023-12-22 15:30:09,237: INFO: common: json file saved at: artifacts\model_evaluation\metrics.json]
[2023-12-22 15:40:33,100: INFO: common: yaml file: config\config.yaml loaded successfully]
[2023-12-22 15:40:33,101: INFO: common: yaml file: params.yaml loaded successfully]
[2023-12-22 15:40:33,103: INFO: common: yaml file: schema.yaml loaded successfully]
[2023-12-22 15:40:33,104: INFO: common: created directory at: artifacts]
[2023-12-22 15:40:33,105: INFO: common: created directory at: artifacts/model_evaluation]
[2023-12-22 15:41:58,269: INFO: common: yaml file: config\config.yaml loaded successfully]
[2023-12-22 15:41:58,270: INFO: common: yaml file: params.yaml loaded successfully]
[2023-12-22 15:41:58,272: INFO: common: yaml file: schema.yaml loaded successfully]
[2023-12-22 15:41:58,274: INFO: common: created directory at: artifacts]
[2023-12-22 15:41:58,275: INFO: common: created directory at: artifacts/model_evaluation]
[2023-12-22 15:41:58,369: INFO: common: json file saved at: artifacts\model_evaluation\metrics.json]
[2023-12-22 15:49:23,322: INFO: common: yaml file: config\config.yaml loaded successfully]
[2023-12-22 15:49:23,324: INFO: common: yaml file: params.yaml loaded successfully]
[2023-12-22 15:49:23,327: INFO: common: yaml file: schema.yaml loaded successfully]
[2023-12-22 15:49:23,328: INFO: common: created directory at: artifacts]
[2023-12-22 15:49:23,329: INFO: common: created directory at: artifacts/model_evaluation]
[2023-12-22 15:49:23,433: INFO: common: json file saved at: artifacts\model_evaluation\metrics.json]
[2023-12-22 15:49:56,162: INFO: common: yaml file: config\config.yaml loaded successfully]
[2023-12-22 15:49:56,163: INFO: common: yaml file: params.yaml loaded successfully]
[2023-12-22 15:49:56,165: INFO: common: yaml file: schema.yaml loaded successfully]
[2023-12-22 15:49:56,166: INFO: common: created directory at: artifacts]
[2023-12-22 15:49:56,166: INFO: common: created directory at: artifacts/model_evaluation]
[2023-12-22 15:49:56,238: INFO: common: json file saved at: artifacts\model_evaluation\metrics.json]
[2023-12-22 15:50:19,782: INFO: common: yaml file: config\config.yaml loaded successfully]
[2023-12-22 15:50:19,783: INFO: common: yaml file: params.yaml loaded successfully]
[2023-12-22 15:50:19,785: INFO: common: yaml file: schema.yaml loaded successfully]
[2023-12-22 15:50:19,786: INFO: common: created directory at: artifacts]
[2023-12-22 15:50:19,787: INFO: common: created directory at: artifacts/model_evaluation]
[2023-12-22 15:50:19,903: INFO: common: json file saved at: artifacts\model_evaluation\metrics.json]
[2023-12-22 15:51:10,379: INFO: common: yaml file: config\config.yaml loaded successfully]
[2023-12-22 15:51:10,380: INFO: common: yaml file: params.yaml loaded successfully]
[2023-12-22 15:51:10,382: INFO: common: yaml file: schema.yaml loaded successfully]
[2023-12-22 15:51:10,383: INFO: common: created directory at: artifacts]
[2023-12-22 15:51:10,384: INFO: common: created directory at: artifacts/model_evaluation]
[2023-12-22 15:51:10,474: INFO: common: json file saved at: artifacts\model_evaluation\metrics.json]
[2023-12-22 15:51:50,974: INFO: common: yaml file: config\config.yaml loaded successfully]
[2023-12-22 15:51:50,975: INFO: common: yaml file: params.yaml loaded successfully]
[2023-12-22 15:51:50,977: INFO: common: yaml file: schema.yaml loaded successfully]
[2023-12-22 15:51:50,978: INFO: common: created directory at: artifacts]
[2023-12-22 15:51:50,978: INFO: common: created directory at: artifacts/model_evaluation]
[2023-12-22 15:51:51,048: INFO: common: json file saved at: artifacts\model_evaluation\metrics.json]
[2023-12-22 15:55:45,578: INFO: common: yaml file: config\config.yaml loaded successfully]
[2023-12-22 15:55:45,579: INFO: common: yaml file: params.yaml loaded successfully]
[2023-12-22 15:55:45,581: INFO: common: yaml file: schema.yaml loaded successfully]
[2023-12-22 15:55:45,583: INFO: common: created directory at: artifacts]
[2023-12-22 15:55:45,584: INFO: common: created directory at: artifacts/model_evaluation]
[2023-12-22 15:55:45,659: INFO: common: json file saved at: artifacts\model_evaluation\metrics.json]
[2023-12-22 16:05:51,526: INFO: common: yaml file: config\config.yaml loaded successfully]
[2023-12-22 16:05:51,527: INFO: common: yaml file: params.yaml loaded successfully]
[2023-12-22 16:05:51,529: INFO: common: yaml file: schema.yaml loaded successfully]
[2023-12-22 16:05:51,530: INFO: common: created directory at: artifacts]
[2023-12-22 16:05:51,531: INFO: common: created directory at: artifacts/model_evaluation]
[2023-12-22 16:05:51,636: INFO: common: json file saved at: artifacts\model_evaluation\metrics.json]
[2023-12-22 16:07:33,793: INFO: common: yaml file: config\config.yaml loaded successfully]
[2023-12-22 16:07:33,795: INFO: common: yaml file: params.yaml loaded successfully]
[2023-12-22 16:07:33,798: INFO: common: yaml file: schema.yaml loaded successfully]
[2023-12-22 16:07:33,800: INFO: common: created directory at: artifacts]
[2023-12-22 16:07:33,801: INFO: common: created directory at: artifacts/model_evaluation]
[2023-12-22 16:07:33,898: INFO: common: json file saved at: artifacts\model_evaluation\metrics.json]
[2023-12-22 16:22:38,162: INFO: main: >>>>>> stage Data Ingestion stage started <<<<<<]
[2023-12-22 16:22:38,162: INFO: common: yaml file: config\config.yaml loaded successfully]
[2023-12-22 16:22:38,162: INFO: common: yaml file: params.yaml loaded successfully]
[2023-12-22 16:22:38,162: INFO: common: yaml file: schema.yaml loaded successfully]
[2023-12-22 16:22:38,162: INFO: common: created directory at: artifacts]
[2023-12-22 16:22:38,162: INFO: common: created directory at: artifacts/data_ingestion]
[2023-12-22 16:22:38,759: INFO: data_ingestion: artifacts/data_ingestion/data.zip download! with following info: 
Connection: close
Content-Length: 23329
Cache-Control: max-age=300
Content-Security-Policy: default-src 'none'; style-src 'unsafe-inline'; sandbox
Content-Type: application/zip
ETag: "c69888a4ae59bc5a893392785a938ccd4937981c06ba8a9d6a21aa52b4ab5b6e"
Strict-Transport-Security: max-age=31536000
X-Content-Type-Options: nosniff
X-Frame-Options: deny
X-XSS-Protection: 1; mode=block
X-GitHub-Request-Id: 0BD8:38D9:6FC0A7:8D1EED:6586237B
Accept-Ranges: bytes
Date: Sat, 23 Dec 2023 00:22:38 GMT
Via: 1.1 varnish
X-Served-By: cache-pao-kpao1770056-PAO
X-Cache: HIT
X-Cache-Hits: 1
X-Timer: S1703290959.562150,VS0,VE131
Vary: Authorization,Accept-Encoding,Origin
Access-Control-Allow-Origin: *
Cross-Origin-Resource-Policy: cross-origin
X-Fastly-Request-ID: 9878414f6313a053bb8a31d649dce7d2c120a91c
Expires: Sat, 23 Dec 2023 00:27:38 GMT
Source-Age: 0

]
[2023-12-22 16:22:38,774: INFO: main: >>>>>> stage Data Ingestion stage completed <<<<<<

x==========x]
[2023-12-22 16:22:38,774: INFO: main: >>>>>> stage Data Validation stage started <<<<<<]
[2023-12-22 16:22:38,774: INFO: common: yaml file: config\config.yaml loaded successfully]
[2023-12-22 16:22:38,783: INFO: common: yaml file: params.yaml loaded successfully]
[2023-12-22 16:22:38,784: INFO: common: yaml file: schema.yaml loaded successfully]
[2023-12-22 16:22:38,785: INFO: common: created directory at: artifacts]
[2023-12-22 16:22:38,786: INFO: common: created directory at: artifacts/data_validation]
[2023-12-22 16:22:38,824: INFO: main: >>>>>> stage Data Validation stage completed <<<<<<

x==========x]
[2023-12-22 16:22:38,824: INFO: main: >>>>>> stage Data Transformation stage started <<<<<<]
[2023-12-22 16:22:38,842: INFO: common: yaml file: config\config.yaml loaded successfully]
[2023-12-22 16:22:38,845: INFO: common: yaml file: params.yaml loaded successfully]
[2023-12-22 16:22:38,848: INFO: common: yaml file: schema.yaml loaded successfully]
[2023-12-22 16:22:38,855: INFO: common: created directory at: artifacts]
[2023-12-22 16:22:38,857: INFO: common: created directory at: artifacts/data_transformation]
[2023-12-22 16:22:38,887: INFO: data_transformation: Splited data into training and test sets]
[2023-12-22 16:22:38,888: INFO: data_transformation: (1199, 12)]
[2023-12-22 16:22:38,889: INFO: data_transformation: (400, 12)]
[2023-12-22 16:22:38,890: INFO: main: >>>>>> stage Data Transformation stage completed <<<<<<

x==========x]
[2023-12-22 16:22:38,891: INFO: main: >>>>>> stage Model Trainer stage started <<<<<<]
[2023-12-22 16:22:38,895: INFO: common: yaml file: config\config.yaml loaded successfully]
[2023-12-22 16:22:38,895: INFO: common: yaml file: params.yaml loaded successfully]
[2023-12-22 16:22:38,901: INFO: common: yaml file: schema.yaml loaded successfully]
[2023-12-22 16:22:38,902: INFO: common: created directory at: artifacts]
[2023-12-22 16:22:38,903: INFO: common: created directory at: artifacts/model_trainer]
[2023-12-22 16:22:38,931: INFO: main: >>>>>> stage Model Trainer stage completed <<<<<<

x==========x]
[2023-12-22 16:23:09,063: INFO: main: >>>>>> stage Data Ingestion stage started <<<<<<]
[2023-12-22 16:23:09,063: INFO: common: yaml file: config\config.yaml loaded successfully]
[2023-12-22 16:23:09,063: INFO: common: yaml file: params.yaml loaded successfully]
[2023-12-22 16:23:09,063: INFO: common: yaml file: schema.yaml loaded successfully]
[2023-12-22 16:23:09,063: INFO: common: created directory at: artifacts]
[2023-12-22 16:23:09,063: INFO: common: created directory at: artifacts/data_ingestion]
[2023-12-22 16:23:09,063: INFO: data_ingestion: File already exists of size: ~ 23 KB]
[2023-12-22 16:23:09,063: INFO: main: >>>>>> stage Data Ingestion stage completed <<<<<<

x==========x]
[2023-12-22 16:23:09,063: INFO: main: >>>>>> stage Data Validation stage started <<<<<<]
[2023-12-22 16:23:09,083: INFO: common: yaml file: config\config.yaml loaded successfully]
[2023-12-22 16:23:09,084: INFO: common: yaml file: params.yaml loaded successfully]
[2023-12-22 16:23:09,085: INFO: common: yaml file: schema.yaml loaded successfully]
[2023-12-22 16:23:09,085: INFO: common: created directory at: artifacts]
[2023-12-22 16:23:09,085: INFO: common: created directory at: artifacts/data_validation]
[2023-12-22 16:23:09,104: INFO: main: >>>>>> stage Data Validation stage completed <<<<<<

x==========x]
[2023-12-22 16:23:09,104: INFO: main: >>>>>> stage Data Transformation stage started <<<<<<]
[2023-12-22 16:23:09,119: INFO: common: yaml file: config\config.yaml loaded successfully]
[2023-12-22 16:23:09,119: INFO: common: yaml file: params.yaml loaded successfully]
[2023-12-22 16:23:09,133: INFO: common: yaml file: schema.yaml loaded successfully]
[2023-12-22 16:23:09,135: INFO: common: created directory at: artifacts]
[2023-12-22 16:23:09,135: INFO: common: created directory at: artifacts/data_transformation]
[2023-12-22 16:23:09,152: INFO: data_transformation: Splited data into training and test sets]
[2023-12-22 16:23:09,152: INFO: data_transformation: (1199, 12)]
[2023-12-22 16:23:09,152: INFO: data_transformation: (400, 12)]
[2023-12-22 16:23:09,164: INFO: main: >>>>>> stage Data Transformation stage completed <<<<<<

x==========x]
[2023-12-22 16:23:09,164: INFO: main: >>>>>> stage Model Trainer stage started <<<<<<]
[2023-12-22 16:23:09,168: INFO: common: yaml file: config\config.yaml loaded successfully]
[2023-12-22 16:23:09,169: INFO: common: yaml file: params.yaml loaded successfully]
[2023-12-22 16:23:09,171: INFO: common: yaml file: schema.yaml loaded successfully]
[2023-12-22 16:23:09,172: INFO: common: created directory at: artifacts]
[2023-12-22 16:23:09,173: INFO: common: created directory at: artifacts/model_trainer]
[2023-12-22 16:23:09,201: INFO: main: >>>>>> stage Model Trainer stage completed <<<<<<

x==========x]
[2023-12-22 16:23:09,202: INFO: main: >>>>>> stage Model Evaluation stage started <<<<<<]
[2023-12-22 16:23:09,203: INFO: common: yaml file: config\config.yaml loaded successfully]
[2023-12-22 16:23:09,203: INFO: common: yaml file: params.yaml loaded successfully]
[2023-12-22 16:23:09,203: INFO: common: yaml file: schema.yaml loaded successfully]
[2023-12-22 16:23:09,203: INFO: common: created directory at: artifacts]
[2023-12-22 16:23:09,203: INFO: common: created directory at: artifacts/model_evaluation]
[2023-12-22 16:23:09,441: ERROR: main: name 'Path' is not defined]
Traceback (most recent call last):
  File "main.py", line 58, in <module>
    data_ingestion.main()
  File "c:\users\saivi\end_to_end_wine_quality_project\src\mlProject\pipeline\stage_05_model_evaluation.py", line 16, in main
    model_evaluation_config.log_into_mlflow()
  File "c:\users\saivi\end_to_end_wine_quality_project\src\mlProject\components\model_evaluation.py", line 44, in log_into_mlflow
    save_json(path=Path(self.config.metric_file_name), data=scores)
NameError: name 'Path' is not defined
[2023-12-22 16:23:38,317: INFO: main: >>>>>> stage Data Ingestion stage started <<<<<<]
[2023-12-22 16:23:38,317: INFO: common: yaml file: config\config.yaml loaded successfully]
[2023-12-22 16:23:38,317: INFO: common: yaml file: params.yaml loaded successfully]
[2023-12-22 16:23:38,317: INFO: common: yaml file: schema.yaml loaded successfully]
[2023-12-22 16:23:38,328: INFO: common: created directory at: artifacts]
[2023-12-22 16:23:38,328: INFO: common: created directory at: artifacts/data_ingestion]
[2023-12-22 16:23:38,329: INFO: data_ingestion: File already exists of size: ~ 23 KB]
[2023-12-22 16:23:38,342: INFO: main: >>>>>> stage Data Ingestion stage completed <<<<<<

x==========x]
[2023-12-22 16:23:38,342: INFO: main: >>>>>> stage Data Validation stage started <<<<<<]
[2023-12-22 16:23:38,342: INFO: common: yaml file: config\config.yaml loaded successfully]
[2023-12-22 16:23:38,353: INFO: common: yaml file: params.yaml loaded successfully]
[2023-12-22 16:23:38,353: INFO: common: yaml file: schema.yaml loaded successfully]
[2023-12-22 16:23:38,360: INFO: common: created directory at: artifacts]
[2023-12-22 16:23:38,360: INFO: common: created directory at: artifacts/data_validation]
[2023-12-22 16:23:38,383: INFO: main: >>>>>> stage Data Validation stage completed <<<<<<

x==========x]
[2023-12-22 16:23:38,384: INFO: main: >>>>>> stage Data Transformation stage started <<<<<<]
[2023-12-22 16:23:38,388: INFO: common: yaml file: config\config.yaml loaded successfully]
[2023-12-22 16:23:38,391: INFO: common: yaml file: params.yaml loaded successfully]
[2023-12-22 16:23:38,391: INFO: common: yaml file: schema.yaml loaded successfully]
[2023-12-22 16:23:38,398: INFO: common: created directory at: artifacts]
[2023-12-22 16:23:38,398: INFO: common: created directory at: artifacts/data_transformation]
[2023-12-22 16:23:38,420: INFO: data_transformation: Splited data into training and test sets]
[2023-12-22 16:23:38,420: INFO: data_transformation: (1199, 12)]
[2023-12-22 16:23:38,420: INFO: data_transformation: (400, 12)]
[2023-12-22 16:23:38,420: INFO: main: >>>>>> stage Data Transformation stage completed <<<<<<

x==========x]
[2023-12-22 16:23:38,420: INFO: main: >>>>>> stage Model Trainer stage started <<<<<<]
[2023-12-22 16:23:38,420: INFO: common: yaml file: config\config.yaml loaded successfully]
[2023-12-22 16:23:38,420: INFO: common: yaml file: params.yaml loaded successfully]
[2023-12-22 16:23:38,436: INFO: common: yaml file: schema.yaml loaded successfully]
[2023-12-22 16:23:38,437: INFO: common: created directory at: artifacts]
[2023-12-22 16:23:38,437: INFO: common: created directory at: artifacts/model_trainer]
[2023-12-22 16:23:38,470: INFO: main: >>>>>> stage Model Trainer stage completed <<<<<<

x==========x]
[2023-12-22 16:23:38,470: INFO: main: >>>>>> stage Model Evaluation stage started <<<<<<]
[2023-12-22 16:23:38,470: INFO: common: yaml file: config\config.yaml loaded successfully]
[2023-12-22 16:23:38,470: INFO: common: yaml file: params.yaml loaded successfully]
[2023-12-22 16:23:38,485: INFO: common: yaml file: schema.yaml loaded successfully]
[2023-12-22 16:23:38,486: INFO: common: created directory at: artifacts]
[2023-12-22 16:23:38,486: INFO: common: created directory at: artifacts/model_evaluation]
[2023-12-22 16:23:38,750: INFO: common: json file saved at: artifacts\model_evaluation\metrics.json]
[2023-12-22 16:23:42,347: INFO: main: >>>>>> stage Model Evaluation stage completed <<<<<<

x==========x]
[2023-12-22 16:24:45,297: INFO: main: >>>>>> stage Data Ingestion stage started <<<<<<]
[2023-12-22 16:24:45,297: INFO: common: yaml file: config\config.yaml loaded successfully]
[2023-12-22 16:24:45,297: INFO: common: yaml file: params.yaml loaded successfully]
[2023-12-22 16:24:45,297: INFO: common: yaml file: schema.yaml loaded successfully]
[2023-12-22 16:24:45,312: INFO: common: created directory at: artifacts]
[2023-12-22 16:24:45,314: INFO: common: created directory at: artifacts/data_ingestion]
[2023-12-22 16:24:45,846: INFO: data_ingestion: artifacts/data_ingestion/data.zip download! with following info: 
Connection: close
Content-Length: 23329
Cache-Control: max-age=300
Content-Security-Policy: default-src 'none'; style-src 'unsafe-inline'; sandbox
Content-Type: application/zip
ETag: "c69888a4ae59bc5a893392785a938ccd4937981c06ba8a9d6a21aa52b4ab5b6e"
Strict-Transport-Security: max-age=31536000
X-Content-Type-Options: nosniff
X-Frame-Options: deny
X-XSS-Protection: 1; mode=block
X-GitHub-Request-Id: 0BD8:38D9:6FC0A7:8D1EED:6586237B
Accept-Ranges: bytes
Date: Sat, 23 Dec 2023 00:24:45 GMT
Via: 1.1 varnish
X-Served-By: cache-pao-kpao1770083-PAO
X-Cache: HIT
X-Cache-Hits: 1
X-Timer: S1703291086.775802,VS0,VE1
Vary: Authorization,Accept-Encoding,Origin
Access-Control-Allow-Origin: *
Cross-Origin-Resource-Policy: cross-origin
X-Fastly-Request-ID: 1cb2e080e703c6b214cc913e393aece84978ab2a
Expires: Sat, 23 Dec 2023 00:29:45 GMT
Source-Age: 127

]
[2023-12-22 16:24:45,863: INFO: main: >>>>>> stage Data Ingestion stage completed <<<<<<

x==========x]
[2023-12-22 16:24:45,863: INFO: main: >>>>>> stage Data Validation stage started <<<<<<]
[2023-12-22 16:24:45,866: INFO: common: yaml file: config\config.yaml loaded successfully]
[2023-12-22 16:24:45,866: INFO: common: yaml file: params.yaml loaded successfully]
[2023-12-22 16:24:45,868: INFO: common: yaml file: schema.yaml loaded successfully]
[2023-12-22 16:24:45,868: INFO: common: created directory at: artifacts]
[2023-12-22 16:24:45,868: INFO: common: created directory at: artifacts/data_validation]
[2023-12-22 16:24:45,893: INFO: main: >>>>>> stage Data Validation stage completed <<<<<<

x==========x]
[2023-12-22 16:24:45,894: INFO: main: >>>>>> stage Data Transformation stage started <<<<<<]
[2023-12-22 16:24:45,931: INFO: common: yaml file: config\config.yaml loaded successfully]
[2023-12-22 16:24:45,933: INFO: common: yaml file: params.yaml loaded successfully]
[2023-12-22 16:24:45,936: INFO: common: yaml file: schema.yaml loaded successfully]
[2023-12-22 16:24:45,938: INFO: common: created directory at: artifacts]
[2023-12-22 16:24:45,939: INFO: common: created directory at: artifacts/data_transformation]
[2023-12-22 16:24:45,955: INFO: data_transformation: Splited data into training and test sets]
[2023-12-22 16:24:45,955: INFO: data_transformation: (1199, 12)]
[2023-12-22 16:24:45,956: INFO: data_transformation: (400, 12)]
[2023-12-22 16:24:45,960: INFO: main: >>>>>> stage Data Transformation stage completed <<<<<<

x==========x]
[2023-12-22 16:24:45,961: INFO: main: >>>>>> stage Model Trainer stage started <<<<<<]
[2023-12-22 16:24:45,965: INFO: common: yaml file: config\config.yaml loaded successfully]
[2023-12-22 16:24:45,966: INFO: common: yaml file: params.yaml loaded successfully]
[2023-12-22 16:24:45,968: INFO: common: yaml file: schema.yaml loaded successfully]
[2023-12-22 16:24:45,968: INFO: common: created directory at: artifacts]
[2023-12-22 16:24:45,969: INFO: common: created directory at: artifacts/model_trainer]
[2023-12-22 16:24:45,990: INFO: main: >>>>>> stage Model Trainer stage completed <<<<<<

x==========x]
[2023-12-22 16:24:45,990: INFO: main: >>>>>> stage Model Evaluation stage started <<<<<<]
[2023-12-22 16:24:45,990: INFO: common: yaml file: config\config.yaml loaded successfully]
[2023-12-22 16:24:45,990: INFO: common: yaml file: params.yaml loaded successfully]
[2023-12-22 16:24:45,990: INFO: common: yaml file: schema.yaml loaded successfully]
[2023-12-22 16:24:45,990: INFO: common: created directory at: artifacts]
[2023-12-22 16:24:45,990: INFO: common: created directory at: artifacts/model_evaluation]
[2023-12-22 16:24:46,673: INFO: common: json file saved at: artifacts\model_evaluation\metrics.json]
[2023-12-22 16:24:53,397: INFO: main: >>>>>> stage Model Evaluation stage completed <<<<<<

x==========x]
[2023-12-22 16:45:15,251: INFO: main: >>>>>> stage Data Ingestion stage started <<<<<<]
[2023-12-22 16:45:15,251: INFO: common: yaml file: config\config.yaml loaded successfully]
[2023-12-22 16:45:15,255: INFO: common: yaml file: params.yaml loaded successfully]
[2023-12-22 16:45:15,260: INFO: common: yaml file: schema.yaml loaded successfully]
[2023-12-22 16:45:15,260: INFO: common: created directory at: artifacts]
[2023-12-22 16:45:15,261: INFO: common: created directory at: artifacts/data_ingestion]
[2023-12-22 16:45:15,261: INFO: data_ingestion: File already exists of size: ~ 23 KB]
[2023-12-22 16:45:15,266: INFO: main: >>>>>> stage Data Ingestion stage completed <<<<<<

x==========x]
[2023-12-22 16:45:15,266: INFO: main: >>>>>> stage Data Validation stage started <<<<<<]
[2023-12-22 16:45:15,269: INFO: common: yaml file: config\config.yaml loaded successfully]
[2023-12-22 16:45:15,270: INFO: common: yaml file: params.yaml loaded successfully]
[2023-12-22 16:45:15,272: INFO: common: yaml file: schema.yaml loaded successfully]
[2023-12-22 16:45:15,273: INFO: common: created directory at: artifacts]
[2023-12-22 16:45:15,273: INFO: common: created directory at: artifacts/data_validation]
[2023-12-22 16:45:15,294: INFO: main: >>>>>> stage Data Validation stage completed <<<<<<

x==========x]
[2023-12-22 16:45:15,294: INFO: main: >>>>>> stage Data Transformation stage started <<<<<<]
[2023-12-22 16:45:15,302: INFO: common: yaml file: config\config.yaml loaded successfully]
[2023-12-22 16:45:15,302: INFO: common: yaml file: params.yaml loaded successfully]
[2023-12-22 16:45:15,302: INFO: common: yaml file: schema.yaml loaded successfully]
[2023-12-22 16:45:15,302: INFO: common: created directory at: artifacts]
[2023-12-22 16:45:15,302: INFO: common: created directory at: artifacts/data_transformation]
[2023-12-22 16:45:15,325: INFO: data_transformation: Splited data into training and test sets]
[2023-12-22 16:45:15,330: INFO: data_transformation: (1199, 12)]
[2023-12-22 16:45:15,332: INFO: data_transformation: (400, 12)]
[2023-12-22 16:45:15,332: INFO: main: >>>>>> stage Data Transformation stage completed <<<<<<

x==========x]
[2023-12-22 16:45:15,333: INFO: main: >>>>>> stage Model Trainer stage started <<<<<<]
[2023-12-22 16:45:15,337: INFO: common: yaml file: config\config.yaml loaded successfully]
[2023-12-22 16:45:15,338: INFO: common: yaml file: params.yaml loaded successfully]
[2023-12-22 16:45:15,339: INFO: common: yaml file: schema.yaml loaded successfully]
[2023-12-22 16:45:15,340: INFO: common: created directory at: artifacts]
[2023-12-22 16:45:15,340: INFO: common: created directory at: artifacts/model_trainer]
[2023-12-22 16:45:15,362: INFO: main: >>>>>> stage Model Trainer stage completed <<<<<<

x==========x]
[2023-12-22 16:45:15,362: INFO: main: >>>>>> stage Model Evaluation stage started <<<<<<]
[2023-12-22 16:45:15,370: INFO: common: yaml file: config\config.yaml loaded successfully]
[2023-12-22 16:45:15,370: INFO: common: yaml file: params.yaml loaded successfully]
[2023-12-22 16:45:15,370: INFO: common: yaml file: schema.yaml loaded successfully]
[2023-12-22 16:45:15,370: INFO: common: created directory at: artifacts]
[2023-12-22 16:45:15,375: INFO: common: created directory at: artifacts/model_evaluation]
[2023-12-22 16:45:15,940: INFO: common: json file saved at: artifacts\model_evaluation\metrics.json]
[2023-12-22 16:45:23,022: INFO: main: >>>>>> stage Model Evaluation stage completed <<<<<<

x==========x]
[2023-12-22 16:52:13,160: INFO: _internal: [31m[1mWARNING: This is a development server. Do not use it in a production deployment. Use a production WSGI server instead.[0m
 * Running on all addresses (0.0.0.0)
 * Running on http://127.0.0.1:8080
 * Running on http://10.0.0.84:8080]
[2023-12-22 16:52:13,160: INFO: _internal: [33mPress CTRL+C to quit[0m]
[2023-12-22 16:52:19,952: INFO: _internal: 127.0.0.1 - - [22/Dec/2023 16:52:19] "GET / HTTP/1.1" 200 -]
[2023-12-22 16:52:31,277: INFO: _internal: 10.0.0.84 - - [22/Dec/2023 16:52:31] "GET / HTTP/1.1" 200 -]
[2023-12-22 16:52:44,314: INFO: _internal: 127.0.0.1 - - [22/Dec/2023 16:52:44] "GET / HTTP/1.1" 200 -]
[2023-12-22 16:53:05,720: INFO: _internal: [31m[1mWARNING: This is a development server. Do not use it in a production deployment. Use a production WSGI server instead.[0m
 * Running on all addresses (0.0.0.0)
 * Running on http://127.0.0.1:5000
 * Running on http://10.0.0.84:5000]
[2023-12-22 16:53:05,722: INFO: _internal: [33mPress CTRL+C to quit[0m]
[2023-12-22 16:53:07,198: INFO: _internal: 127.0.0.1 - - [22/Dec/2023 16:53:07] "GET / HTTP/1.1" 200 -]
[2023-12-22 16:54:37,295: INFO: _internal: [31m[1mWARNING: This is a development server. Do not use it in a production deployment. Use a production WSGI server instead.[0m
 * Running on all addresses (0.0.0.0)
 * Running on http://127.0.0.1:8080
 * Running on http://10.0.0.84:8080]
[2023-12-22 16:54:37,295: INFO: _internal: [33mPress CTRL+C to quit[0m]
[2023-12-22 16:54:38,420: INFO: _internal: 127.0.0.1 - - [22/Dec/2023 16:54:38] "GET / HTTP/1.1" 200 -]
[2023-12-22 16:54:38,438: INFO: _internal: 127.0.0.1 - - [22/Dec/2023 16:54:38] "[33mGET /static/css/styles.css HTTP/1.1[0m" 404 -]
[2023-12-22 16:54:38,438: INFO: _internal: 127.0.0.1 - - [22/Dec/2023 16:54:38] "[33mGET /static/css2/style.css HTTP/1.1[0m" 404 -]
[2023-12-22 16:54:38,438: INFO: _internal: 127.0.0.1 - - [22/Dec/2023 16:54:38] "[33mGET /static/css2/nunito-font.css HTTP/1.1[0m" 404 -]
[2023-12-22 16:54:38,438: INFO: _internal: 127.0.0.1 - - [22/Dec/2023 16:54:38] "[33mGET /static/js/scripts.js HTTP/1.1[0m" 404 -]
[2023-12-22 16:54:38,901: INFO: _internal: 127.0.0.1 - - [22/Dec/2023 16:54:38] "[33mGET /static/assets/img/form-v9.jpg HTTP/1.1[0m" 404 -]
[2023-12-22 16:54:38,901: INFO: _internal: 127.0.0.1 - - [22/Dec/2023 16:54:38] "[33mGET /static/assets/img/wine.jpg HTTP/1.1[0m" 404 -]
[2023-12-22 16:54:39,859: INFO: _internal: 127.0.0.1 - - [22/Dec/2023 16:54:39] "[33mGET /static/assets/favicon.ico HTTP/1.1[0m" 404 -]
[2023-12-22 16:54:56,110: INFO: _internal: 127.0.0.1 - - [22/Dec/2023 16:54:56] "POST /predict HTTP/1.1" 200 -]
[2023-12-22 16:54:56,135: INFO: _internal: 127.0.0.1 - - [22/Dec/2023 16:54:56] "[33mGET /static/css/styles.css HTTP/1.1[0m" 404 -]
[2023-12-22 16:54:56,170: INFO: _internal: 127.0.0.1 - - [22/Dec/2023 16:54:56] "[33mGET /static/js/scripts.js HTTP/1.1[0m" 404 -]
[2023-12-22 16:54:56,177: INFO: _internal: 127.0.0.1 - - [22/Dec/2023 16:54:56] "[33mGET /static/assets/img/wine.gif HTTP/1.1[0m" 404 -]
[2023-12-22 16:55:50,468: INFO: main: >>>>>> stage Data Ingestion stage started <<<<<<]
[2023-12-22 16:55:50,470: INFO: common: yaml file: config\config.yaml loaded successfully]
[2023-12-22 16:55:50,472: INFO: common: yaml file: params.yaml loaded successfully]
[2023-12-22 16:55:50,473: INFO: common: yaml file: schema.yaml loaded successfully]
[2023-12-22 16:55:50,474: INFO: common: created directory at: artifacts]
[2023-12-22 16:55:50,474: INFO: common: created directory at: artifacts/data_ingestion]
[2023-12-22 16:55:50,475: INFO: data_ingestion: File already exists of size: ~ 23 KB]
[2023-12-22 16:55:50,480: INFO: main: >>>>>> stage Data Ingestion stage completed <<<<<<

x==========x]
[2023-12-22 16:55:50,481: INFO: main: >>>>>> stage Data Validation stage started <<<<<<]
[2023-12-22 16:55:50,485: INFO: common: yaml file: config\config.yaml loaded successfully]
[2023-12-22 16:55:50,486: INFO: common: yaml file: params.yaml loaded successfully]
[2023-12-22 16:55:50,488: INFO: common: yaml file: schema.yaml loaded successfully]
[2023-12-22 16:55:50,489: INFO: common: created directory at: artifacts]
[2023-12-22 16:55:50,489: INFO: common: created directory at: artifacts/data_validation]
[2023-12-22 16:55:50,544: INFO: main: >>>>>> stage Data Validation stage completed <<<<<<

x==========x]
[2023-12-22 16:55:50,545: INFO: main: >>>>>> stage Data Transformation stage started <<<<<<]
[2023-12-22 16:55:50,549: INFO: common: yaml file: config\config.yaml loaded successfully]
[2023-12-22 16:55:50,553: INFO: common: yaml file: params.yaml loaded successfully]
[2023-12-22 16:55:50,555: INFO: common: yaml file: schema.yaml loaded successfully]
[2023-12-22 16:55:50,557: INFO: common: created directory at: artifacts]
[2023-12-22 16:55:50,557: INFO: common: created directory at: artifacts/data_transformation]
[2023-12-22 16:55:50,572: INFO: data_transformation: Splited data into training and test sets]
[2023-12-22 16:55:50,608: INFO: data_transformation: (1199, 12)]
[2023-12-22 16:55:50,612: INFO: data_transformation: (400, 12)]
[2023-12-22 16:55:50,613: INFO: main: >>>>>> stage Data Transformation stage completed <<<<<<

x==========x]
[2023-12-22 16:55:50,614: INFO: main: >>>>>> stage Model Trainer stage started <<<<<<]
[2023-12-22 16:55:50,617: INFO: common: yaml file: config\config.yaml loaded successfully]
[2023-12-22 16:55:50,618: INFO: common: yaml file: params.yaml loaded successfully]
[2023-12-22 16:55:50,619: INFO: common: yaml file: schema.yaml loaded successfully]
[2023-12-22 16:55:50,620: INFO: common: created directory at: artifacts]
[2023-12-22 16:55:50,620: INFO: common: created directory at: artifacts/model_trainer]
[2023-12-22 16:55:50,721: INFO: main: >>>>>> stage Model Trainer stage completed <<<<<<

x==========x]
[2023-12-22 16:55:50,724: INFO: main: >>>>>> stage Model Evaluation stage started <<<<<<]
[2023-12-22 16:55:50,728: INFO: common: yaml file: config\config.yaml loaded successfully]
[2023-12-22 16:55:50,729: INFO: common: yaml file: params.yaml loaded successfully]
[2023-12-22 16:55:50,732: INFO: common: yaml file: schema.yaml loaded successfully]
[2023-12-22 16:55:50,742: INFO: common: created directory at: artifacts]
[2023-12-22 16:55:50,744: INFO: common: created directory at: artifacts/model_evaluation]
[2023-12-22 16:55:51,810: INFO: common: json file saved at: artifacts\model_evaluation\metrics.json]
[2023-12-22 16:56:00,256: INFO: main: >>>>>> stage Model Evaluation stage completed <<<<<<

x==========x]
[2023-12-22 16:56:00,489: INFO: _internal: 127.0.0.1 - - [22/Dec/2023 16:56:00] "GET /train HTTP/1.1" 200 -]
[2023-12-22 16:56:00,983: INFO: _internal: 127.0.0.1 - - [22/Dec/2023 16:56:00] "[33mGET /favicon.ico HTTP/1.1[0m" 404 -]
[2023-12-22 17:08:04,547: INFO: stage_01_data_ingestion: >>>>>> stage Data Ingestion stage started <<<<<<]
[2023-12-22 17:08:04,547: INFO: common: yaml file: config\config.yaml loaded successfully]
[2023-12-22 17:08:04,547: INFO: common: yaml file: params.yaml loaded successfully]
[2023-12-22 17:08:04,563: INFO: common: yaml file: schema.yaml loaded successfully]
[2023-12-22 17:08:04,566: INFO: common: created directory at: artifacts]
[2023-12-22 17:08:04,567: INFO: common: created directory at: artifacts/data_ingestion]
[2023-12-22 17:08:04,568: INFO: data_ingestion: File already exists of size: ~ 23 KB]
[2023-12-22 17:08:04,585: INFO: stage_01_data_ingestion: >>>>>> stage Data Ingestion stage completed <<<<<<

x==========x]
[2023-12-22 17:09:23,083: INFO: main: >>>>>> stage Data Ingestion stage started <<<<<<]
[2023-12-22 17:09:23,083: INFO: common: yaml file: config\config.yaml loaded successfully]
[2023-12-22 17:09:23,083: INFO: common: yaml file: params.yaml loaded successfully]
[2023-12-22 17:09:23,083: INFO: common: yaml file: schema.yaml loaded successfully]
[2023-12-22 17:09:23,083: INFO: common: created directory at: artifacts]
[2023-12-22 17:09:23,083: INFO: common: created directory at: artifacts/data_ingestion]
[2023-12-22 17:09:23,832: INFO: data_ingestion: artifacts/data_ingestion/data.zip download! with following info: 
Connection: close
Content-Length: 23329
Cache-Control: max-age=300
Content-Security-Policy: default-src 'none'; style-src 'unsafe-inline'; sandbox
Content-Type: application/zip
ETag: "c69888a4ae59bc5a893392785a938ccd4937981c06ba8a9d6a21aa52b4ab5b6e"
Strict-Transport-Security: max-age=31536000
X-Content-Type-Options: nosniff
X-Frame-Options: deny
X-XSS-Protection: 1; mode=block
X-GitHub-Request-Id: 0BD8:38D9:6FC0A7:8D1EED:6586237B
Accept-Ranges: bytes
Date: Sat, 23 Dec 2023 01:09:23 GMT
Via: 1.1 varnish
X-Served-By: cache-pao-kpao1770039-PAO
X-Cache: HIT
X-Cache-Hits: 1
X-Timer: S1703293764.622365,VS0,VE139
Vary: Authorization,Accept-Encoding,Origin
Access-Control-Allow-Origin: *
Cross-Origin-Resource-Policy: cross-origin
X-Fastly-Request-ID: df178dbaa5d187b1fd3c67e7e5617922ebdeeb6f
Expires: Sat, 23 Dec 2023 01:14:23 GMT
Source-Age: 0

]
[2023-12-22 17:09:23,849: INFO: main: >>>>>> stage Data Ingestion stage completed <<<<<<

x==========x]
[2023-12-22 17:09:23,850: INFO: main: >>>>>> stage Data Validation stage started <<<<<<]
[2023-12-22 17:09:23,852: INFO: common: yaml file: config\config.yaml loaded successfully]
[2023-12-22 17:09:23,853: INFO: common: yaml file: params.yaml loaded successfully]
[2023-12-22 17:09:23,854: INFO: common: yaml file: schema.yaml loaded successfully]
[2023-12-22 17:09:23,855: INFO: common: created directory at: artifacts]
[2023-12-22 17:09:23,857: INFO: common: created directory at: artifacts/data_validation]
[2023-12-22 17:09:23,870: INFO: main: >>>>>> stage Data Validation stage completed <<<<<<

x==========x]
[2023-12-22 17:09:23,870: INFO: main: >>>>>> stage Data Transformation stage started <<<<<<]
[2023-12-22 17:09:23,885: INFO: common: yaml file: config\config.yaml loaded successfully]
[2023-12-22 17:09:23,887: INFO: common: yaml file: params.yaml loaded successfully]
[2023-12-22 17:09:23,887: INFO: common: yaml file: schema.yaml loaded successfully]
[2023-12-22 17:09:23,887: INFO: common: created directory at: artifacts]
[2023-12-22 17:09:23,887: INFO: common: created directory at: artifacts/data_transformation]
[2023-12-22 17:09:23,904: INFO: data_transformation: Splited data into training and test sets]
[2023-12-22 17:09:23,904: INFO: data_transformation: (1199, 12)]
[2023-12-22 17:09:23,904: INFO: data_transformation: (400, 12)]
[2023-12-22 17:09:23,919: INFO: main: >>>>>> stage Data Transformation stage completed <<<<<<

x==========x]
[2023-12-22 17:09:23,919: INFO: main: >>>>>> stage Model Trainer stage started <<<<<<]
[2023-12-22 17:09:23,919: INFO: common: yaml file: config\config.yaml loaded successfully]
[2023-12-22 17:09:23,919: INFO: common: yaml file: params.yaml loaded successfully]
[2023-12-22 17:09:23,919: INFO: common: yaml file: schema.yaml loaded successfully]
[2023-12-22 17:09:23,919: INFO: common: created directory at: artifacts]
[2023-12-22 17:09:23,919: INFO: common: created directory at: artifacts/model_trainer]
[2023-12-22 17:09:23,969: INFO: main: >>>>>> stage Model Trainer stage completed <<<<<<

x==========x]
[2023-12-22 17:09:23,969: INFO: main: >>>>>> stage Model Evaluation stage started <<<<<<]
[2023-12-22 17:09:23,969: INFO: common: yaml file: config\config.yaml loaded successfully]
[2023-12-22 17:09:23,969: INFO: common: yaml file: params.yaml loaded successfully]
[2023-12-22 17:09:23,969: INFO: common: yaml file: schema.yaml loaded successfully]
[2023-12-22 17:09:23,969: INFO: common: created directory at: artifacts]
[2023-12-22 17:09:23,969: INFO: common: created directory at: artifacts/model_evaluation]
[2023-12-22 17:09:24,728: INFO: common: json file saved at: artifacts\model_evaluation\metrics.json]
[2023-12-22 17:09:31,845: INFO: main: >>>>>> stage Model Evaluation stage completed <<<<<<

x==========x]
[2023-12-22 17:11:09,531: INFO: stage_01_data_ingestion: >>>>>> stage Data Ingestion stage started <<<<<<]
[2023-12-22 17:11:09,531: INFO: common: yaml file: config\config.yaml loaded successfully]
[2023-12-22 17:11:09,531: INFO: common: yaml file: params.yaml loaded successfully]
[2023-12-22 17:11:09,541: INFO: common: yaml file: schema.yaml loaded successfully]
[2023-12-22 17:11:09,541: INFO: common: created directory at: artifacts]
[2023-12-22 17:11:09,543: INFO: common: created directory at: artifacts/data_ingestion]
[2023-12-22 17:11:09,788: INFO: data_ingestion: artifacts/data_ingestion/data.zip download! with following info: 
Connection: close
Content-Length: 23329
Cache-Control: max-age=300
Content-Security-Policy: default-src 'none'; style-src 'unsafe-inline'; sandbox
Content-Type: application/zip
ETag: "c69888a4ae59bc5a893392785a938ccd4937981c06ba8a9d6a21aa52b4ab5b6e"
Strict-Transport-Security: max-age=31536000
X-Content-Type-Options: nosniff
X-Frame-Options: deny
X-XSS-Protection: 1; mode=block
X-GitHub-Request-Id: 0BD8:38D9:6FC0A7:8D1EED:6586237B
Accept-Ranges: bytes
Date: Sat, 23 Dec 2023 01:11:09 GMT
Via: 1.1 varnish
X-Served-By: cache-pao-kpao1770037-PAO
X-Cache: HIT
X-Cache-Hits: 1
X-Timer: S1703293870.718505,VS0,VE1
Vary: Authorization,Accept-Encoding,Origin
Access-Control-Allow-Origin: *
Cross-Origin-Resource-Policy: cross-origin
X-Fastly-Request-ID: 0d6f5b56f8c2ec3aa48a65e11b68f93492948075
Expires: Sat, 23 Dec 2023 01:16:09 GMT
Source-Age: 106

]
[2023-12-22 17:11:09,803: INFO: stage_01_data_ingestion: >>>>>> stage Data Ingestion stage completed <<<<<<

x==========x]
[2023-12-22 17:11:53,502: INFO: stage_01_data_ingestion: >>>>>> stage Data Ingestion stage started <<<<<<]
[2023-12-22 17:11:53,518: INFO: common: yaml file: config\config.yaml loaded successfully]
[2023-12-22 17:11:53,518: INFO: common: yaml file: params.yaml loaded successfully]
[2023-12-22 17:11:53,518: INFO: common: yaml file: schema.yaml loaded successfully]
[2023-12-22 17:11:53,518: INFO: common: created directory at: artifacts]
[2023-12-22 17:11:53,518: INFO: common: created directory at: artifacts/data_ingestion]
[2023-12-22 17:11:53,518: INFO: data_ingestion: File already exists of size: ~ 23 KB]
[2023-12-22 17:11:53,528: INFO: stage_01_data_ingestion: >>>>>> stage Data Ingestion stage completed <<<<<<

x==========x]
[2023-12-22 17:14:53,658: INFO: stage_01_data_ingestion: >>>>>> stage Data Ingestion stage started <<<<<<]
[2023-12-22 17:14:53,661: INFO: common: yaml file: config\config.yaml loaded successfully]
[2023-12-22 17:14:53,661: INFO: common: yaml file: params.yaml loaded successfully]
[2023-12-22 17:14:53,663: INFO: common: yaml file: schema.yaml loaded successfully]
[2023-12-22 17:14:53,663: INFO: common: created directory at: artifacts]
[2023-12-22 17:14:53,664: INFO: common: created directory at: artifacts/data_ingestion]
[2023-12-22 17:14:53,665: INFO: data_ingestion: File already exists of size: ~ 23 KB]
[2023-12-22 17:14:53,667: INFO: stage_01_data_ingestion: >>>>>> stage Data Ingestion stage completed <<<<<<

x==========x]
[2023-12-22 17:15:06,199: INFO: stage_02_data_validation: >>>>>> stage Data Validation stage started <<<<<<]
[2023-12-22 17:15:06,199: INFO: common: yaml file: config\config.yaml loaded successfully]
[2023-12-22 17:15:06,199: INFO: common: yaml file: params.yaml loaded successfully]
[2023-12-22 17:15:06,199: INFO: common: yaml file: schema.yaml loaded successfully]
[2023-12-22 17:15:06,199: INFO: common: created directory at: artifacts]
[2023-12-22 17:15:06,216: INFO: common: created directory at: artifacts/data_validation]
[2023-12-22 17:15:06,218: ERROR: stage_02_data_validation: [Errno 2] No such file or directory: 'artifacts/data_ingestion/winequality-red.csv']
Traceback (most recent call last):
  File "src/mlProject/pipeline/stage_02_data_validation.py", line 23, in <module>
    obj.main()
  File "src/mlProject/pipeline/stage_02_data_validation.py", line 16, in main
    data_validation.validate_all_columns()
  File "c:\users\saivi\end_to_end_wine_quality_project\src\mlProject\components\data_validation.py", line 32, in validate_all_columns
    raise e
  File "c:\users\saivi\end_to_end_wine_quality_project\src\mlProject\components\data_validation.py", line 13, in validate_all_columns
    data = pd.read_csv(self.config.unzip_data_dir)
  File "C:\Users\saivi\anaconda3\envs\wine_env\lib\site-packages\pandas\io\parsers\readers.py", line 912, in read_csv
    return _read(filepath_or_buffer, kwds)
  File "C:\Users\saivi\anaconda3\envs\wine_env\lib\site-packages\pandas\io\parsers\readers.py", line 577, in _read
    parser = TextFileReader(filepath_or_buffer, **kwds)
  File "C:\Users\saivi\anaconda3\envs\wine_env\lib\site-packages\pandas\io\parsers\readers.py", line 1407, in __init__
    self._engine = self._make_engine(f, self.engine)
  File "C:\Users\saivi\anaconda3\envs\wine_env\lib\site-packages\pandas\io\parsers\readers.py", line 1661, in _make_engine
    self.handles = get_handle(
  File "C:\Users\saivi\anaconda3\envs\wine_env\lib\site-packages\pandas\io\common.py", line 859, in get_handle
    handle = open(
FileNotFoundError: [Errno 2] No such file or directory: 'artifacts/data_ingestion/winequality-red.csv'
[2023-12-22 17:16:01,834: INFO: stage_01_data_ingestion: >>>>>> stage Data Ingestion stage started <<<<<<]
[2023-12-22 17:16:01,834: INFO: common: yaml file: config\config.yaml loaded successfully]
[2023-12-22 17:16:01,846: INFO: common: yaml file: params.yaml loaded successfully]
[2023-12-22 17:16:01,847: INFO: common: yaml file: schema.yaml loaded successfully]
[2023-12-22 17:16:01,847: INFO: common: created directory at: artifacts]
[2023-12-22 17:16:01,848: INFO: common: created directory at: artifacts/data_ingestion]
[2023-12-22 17:16:02,531: INFO: data_ingestion: artifacts/data_ingestion/data.zip download! with following info: 
Connection: close
Content-Length: 23329
Cache-Control: max-age=300
Content-Security-Policy: default-src 'none'; style-src 'unsafe-inline'; sandbox
Content-Type: application/zip
ETag: "c69888a4ae59bc5a893392785a938ccd4937981c06ba8a9d6a21aa52b4ab5b6e"
Strict-Transport-Security: max-age=31536000
X-Content-Type-Options: nosniff
X-Frame-Options: deny
X-XSS-Protection: 1; mode=block
X-GitHub-Request-Id: 0BD8:38D9:6FC0A7:8D1EED:6586237B
Accept-Ranges: bytes
Date: Sat, 23 Dec 2023 01:16:02 GMT
Via: 1.1 varnish
X-Served-By: cache-pao-kpao1770083-PAO
X-Cache: HIT
X-Cache-Hits: 1
X-Timer: S1703294162.319754,VS0,VE137
Vary: Authorization,Accept-Encoding,Origin
Access-Control-Allow-Origin: *
Cross-Origin-Resource-Policy: cross-origin
X-Fastly-Request-ID: 8e3190e057563f745a3a39c86ddc4efb0eb6f69b
Expires: Sat, 23 Dec 2023 01:21:02 GMT
Source-Age: 0

]
[2023-12-22 17:16:02,544: INFO: stage_01_data_ingestion: >>>>>> stage Data Ingestion stage completed <<<<<<

x==========x]
[2023-12-22 18:05:20,246: INFO: stage_01_data_ingestion: >>>>>> stage Data Ingestion stage started <<<<<<]
[2023-12-22 18:05:20,246: INFO: common: yaml file: config\config.yaml loaded successfully]
[2023-12-22 18:05:20,246: INFO: common: yaml file: params.yaml loaded successfully]
[2023-12-22 18:05:20,246: INFO: common: yaml file: schema.yaml loaded successfully]
[2023-12-22 18:05:20,246: INFO: common: created directory at: artifacts]
[2023-12-22 18:05:20,256: INFO: common: created directory at: artifacts/data_ingestion]
[2023-12-22 18:05:20,956: INFO: data_ingestion: artifacts/data_ingestion/data.zip download! with following info: 
Connection: close
Content-Length: 23329
Cache-Control: max-age=300
Content-Security-Policy: default-src 'none'; style-src 'unsafe-inline'; sandbox
Content-Type: application/zip
ETag: "c69888a4ae59bc5a893392785a938ccd4937981c06ba8a9d6a21aa52b4ab5b6e"
Strict-Transport-Security: max-age=31536000
X-Content-Type-Options: nosniff
X-Frame-Options: deny
X-XSS-Protection: 1; mode=block
X-GitHub-Request-Id: 0BD8:38D9:6FC0A7:8D1EED:6586237B
Accept-Ranges: bytes
Date: Sat, 23 Dec 2023 02:05:20 GMT
Via: 1.1 varnish
X-Served-By: cache-pao-kpao1770078-PAO
X-Cache: HIT
X-Cache-Hits: 1
X-Timer: S1703297121.732895,VS0,VE144
Vary: Authorization,Accept-Encoding,Origin
Access-Control-Allow-Origin: *
Cross-Origin-Resource-Policy: cross-origin
X-Fastly-Request-ID: b93e038acfc090a10b5268184d67e71f771c736b
Expires: Sat, 23 Dec 2023 02:10:20 GMT
Source-Age: 0

]
[2023-12-22 18:05:20,964: INFO: stage_01_data_ingestion: >>>>>> stage Data Ingestion stage completed <<<<<<

x==========x]
[2023-12-22 18:19:31,426: INFO: stage_01_data_ingestion: >>>>>> stage Data Ingestion stage started <<<<<<]
[2023-12-22 18:19:31,441: INFO: common: yaml file: config\config.yaml loaded successfully]
[2023-12-22 18:19:31,441: INFO: common: yaml file: params.yaml loaded successfully]
[2023-12-22 18:19:31,441: INFO: common: yaml file: schema.yaml loaded successfully]
[2023-12-22 18:19:31,441: INFO: common: created directory at: artifacts]
[2023-12-22 18:19:31,447: INFO: common: created directory at: artifacts/data_ingestion]
[2023-12-22 18:19:31,447: INFO: data_ingestion: File already exists of size: ~ 23 KB]
[2023-12-22 18:19:31,451: INFO: stage_01_data_ingestion: >>>>>> stage Data Ingestion stage completed <<<<<<

x==========x]
[2023-12-22 18:20:09,844: INFO: stage_02_data_validation: >>>>>> stage Data Validation stage started <<<<<<]
[2023-12-22 18:20:09,844: INFO: common: yaml file: config\config.yaml loaded successfully]
[2023-12-22 18:20:09,844: INFO: common: yaml file: params.yaml loaded successfully]
[2023-12-22 18:20:09,844: INFO: common: yaml file: schema.yaml loaded successfully]
[2023-12-22 18:20:09,844: INFO: common: created directory at: artifacts]
[2023-12-22 18:20:09,860: INFO: common: created directory at: artifacts/data_validation]
[2023-12-22 18:20:09,879: INFO: stage_02_data_validation: >>>>>> stage Data Validation stage completed <<<<<<

x==========x]
[2023-12-22 18:20:45,296: INFO: stage_02_data_validation: >>>>>> stage Data Validation stage started <<<<<<]
[2023-12-22 18:20:45,296: INFO: common: yaml file: config\config.yaml loaded successfully]
[2023-12-22 18:20:45,296: INFO: common: yaml file: params.yaml loaded successfully]
[2023-12-22 18:20:45,296: INFO: common: yaml file: schema.yaml loaded successfully]
[2023-12-22 18:20:45,296: INFO: common: created directory at: artifacts]
[2023-12-22 18:20:45,296: INFO: common: created directory at: artifacts/data_validation]
[2023-12-22 18:20:45,329: INFO: stage_02_data_validation: >>>>>> stage Data Validation stage completed <<<<<<

x==========x]
[2023-12-22 18:34:49,231: INFO: stage_01_data_ingestion: >>>>>> stage Data Ingestion stage started <<<<<<]
[2023-12-22 18:34:49,231: INFO: common: yaml file: config\config.yaml loaded successfully]
[2023-12-22 18:34:49,231: INFO: common: yaml file: params.yaml loaded successfully]
[2023-12-22 18:34:49,231: INFO: common: yaml file: schema.yaml loaded successfully]
[2023-12-22 18:34:49,231: INFO: common: created directory at: artifacts]
[2023-12-22 18:34:49,238: INFO: common: created directory at: artifacts/data_ingestion]
[2023-12-22 18:34:49,929: INFO: data_ingestion: artifacts/data_ingestion/data.zip download! with following info: 
Connection: close
Content-Length: 23329
Cache-Control: max-age=300
Content-Security-Policy: default-src 'none'; style-src 'unsafe-inline'; sandbox
Content-Type: application/zip
ETag: "c69888a4ae59bc5a893392785a938ccd4937981c06ba8a9d6a21aa52b4ab5b6e"
Strict-Transport-Security: max-age=31536000
X-Content-Type-Options: nosniff
X-Frame-Options: deny
X-XSS-Protection: 1; mode=block
X-GitHub-Request-Id: 0BD8:38D9:6FC0A7:8D1EED:6586237B
Accept-Ranges: bytes
Date: Sat, 23 Dec 2023 02:34:49 GMT
Via: 1.1 varnish
X-Served-By: cache-pao-kpao1770076-PAO
X-Cache: HIT
X-Cache-Hits: 1
X-Timer: S1703298890.723312,VS0,VE128
Vary: Authorization,Accept-Encoding,Origin
Access-Control-Allow-Origin: *
Cross-Origin-Resource-Policy: cross-origin
X-Fastly-Request-ID: de48c084ca7ba7baaf2e6c4f3064c8affe47d7df
Expires: Sat, 23 Dec 2023 02:39:49 GMT
Source-Age: 0

]
[2023-12-22 18:34:49,947: INFO: stage_01_data_ingestion: >>>>>> stage Data Ingestion stage completed <<<<<<

x==========x]
[2023-12-22 18:34:59,405: INFO: stage_02_data_validation: >>>>>> stage Data Validation stage started <<<<<<]
[2023-12-22 18:34:59,405: INFO: common: yaml file: config\config.yaml loaded successfully]
[2023-12-22 18:34:59,405: INFO: common: yaml file: params.yaml loaded successfully]
[2023-12-22 18:34:59,405: INFO: common: yaml file: schema.yaml loaded successfully]
[2023-12-22 18:34:59,405: INFO: common: created directory at: artifacts]
[2023-12-22 18:34:59,412: INFO: common: created directory at: artifacts/data_validation]
[2023-12-22 18:34:59,432: INFO: stage_02_data_validation: >>>>>> stage Data Validation stage completed <<<<<<

x==========x]
[2023-12-22 18:45:08,581: INFO: stage_04_model_trainer: >>>>>> stage Model Trainer stage started <<<<<<]
[2023-12-22 18:45:08,581: INFO: common: yaml file: config\config.yaml loaded successfully]
[2023-12-22 18:45:08,581: INFO: common: yaml file: params.yaml loaded successfully]
[2023-12-22 18:45:08,581: INFO: common: yaml file: schema.yaml loaded successfully]
[2023-12-22 18:45:08,581: INFO: common: created directory at: artifacts]
[2023-12-22 18:45:08,595: ERROR: stage_04_model_trainer: "'ConfigBox' object has no attribute 'elasticnet'"]
Traceback (most recent call last):
  File "box\box.py", line 503, in box.box.Box.__getitem__
KeyError: 'ElasticNet'

The above exception was the direct cause of the following exception:

Traceback (most recent call last):
  File "box\box.py", line 536, in box.box.Box.__getattr__
  File "box\box.py", line 524, in box.box.Box.__getitem__
box.exceptions.BoxKeyError: "'ElasticNet'"

During handling of the above exception, another exception occurred:

Traceback (most recent call last):
  File "box\box.py", line 538, in box.box.Box.__getattr__
AttributeError: 'ConfigBox' object has no attribute 'ElasticNet'

The above exception was the direct cause of the following exception:

Traceback (most recent call last):
  File "box\config_box.py", line 28, in box.config_box.ConfigBox.__getattr__
  File "box\box.py", line 552, in box.box.Box.__getattr__
box.exceptions.BoxKeyError: "'ConfigBox' object has no attribute 'ElasticNet'"

During handling of the above exception, another exception occurred:

Traceback (most recent call last):
  File "box\box.py", line 503, in box.box.Box.__getitem__
KeyError: 'elasticnet'

The above exception was the direct cause of the following exception:

Traceback (most recent call last):
  File "box\box.py", line 536, in box.box.Box.__getattr__
  File "box\box.py", line 524, in box.box.Box.__getitem__
box.exceptions.BoxKeyError: "'elasticnet'"

During handling of the above exception, another exception occurred:

Traceback (most recent call last):
  File "box\box.py", line 538, in box.box.Box.__getattr__
AttributeError: 'ConfigBox' object has no attribute 'elasticnet'

The above exception was the direct cause of the following exception:

Traceback (most recent call last):
  File "src/mlProject/pipeline/stage_04_model_trainer.py", line 25, in <module>
    obj.main()
  File "src/mlProject/pipeline/stage_04_model_trainer.py", line 15, in main
    model_trainer_config = config.get_model_trainer_config()
  File "c:\users\saivi\end_to_end_wine_quality_project\src\mlProject\config\configuration.py", line 64, in get_model_trainer_config
    params = self.params.ElasticNet
  File "box\config_box.py", line 30, in box.config_box.ConfigBox.__getattr__
  File "box\box.py", line 552, in box.box.Box.__getattr__
box.exceptions.BoxKeyError: "'ConfigBox' object has no attribute 'elasticnet'"
[2023-12-22 18:51:17,578: INFO: stage_02_data_validation: >>>>>> stage Data Validation stage started <<<<<<]
[2023-12-22 18:51:17,578: INFO: common: yaml file: config\config.yaml loaded successfully]
[2023-12-22 18:51:17,578: INFO: common: yaml file: params.yaml loaded successfully]
[2023-12-22 18:51:17,590: INFO: common: yaml file: schema.yaml loaded successfully]
[2023-12-22 18:51:17,590: INFO: common: created directory at: artifacts]
[2023-12-22 18:51:17,593: INFO: common: created directory at: artifacts/data_validation]
[2023-12-22 18:51:17,599: INFO: stage_02_data_validation: >>>>>> stage Data Validation stage completed <<<<<<

x==========x]
[2023-12-22 18:51:19,147: INFO: stage_04_model_trainer: >>>>>> stage Model Trainer stage started <<<<<<]
[2023-12-22 18:51:19,147: INFO: common: yaml file: config\config.yaml loaded successfully]
[2023-12-22 18:51:19,170: INFO: common: yaml file: params.yaml loaded successfully]
[2023-12-22 18:51:19,171: INFO: common: yaml file: schema.yaml loaded successfully]
[2023-12-22 18:51:19,178: INFO: common: created directory at: artifacts]
[2023-12-22 18:51:19,178: ERROR: stage_04_model_trainer: "'ConfigBox' object has no attribute 'elasticnet'"]
Traceback (most recent call last):
  File "box\box.py", line 503, in box.box.Box.__getitem__
KeyError: 'ElasticNet'

The above exception was the direct cause of the following exception:

Traceback (most recent call last):
  File "box\box.py", line 536, in box.box.Box.__getattr__
  File "box\box.py", line 524, in box.box.Box.__getitem__
box.exceptions.BoxKeyError: "'ElasticNet'"

During handling of the above exception, another exception occurred:

Traceback (most recent call last):
  File "box\box.py", line 538, in box.box.Box.__getattr__
AttributeError: 'ConfigBox' object has no attribute 'ElasticNet'

The above exception was the direct cause of the following exception:

Traceback (most recent call last):
  File "box\config_box.py", line 28, in box.config_box.ConfigBox.__getattr__
  File "box\box.py", line 552, in box.box.Box.__getattr__
box.exceptions.BoxKeyError: "'ConfigBox' object has no attribute 'ElasticNet'"

During handling of the above exception, another exception occurred:

Traceback (most recent call last):
  File "box\box.py", line 503, in box.box.Box.__getitem__
KeyError: 'elasticnet'

The above exception was the direct cause of the following exception:

Traceback (most recent call last):
  File "box\box.py", line 536, in box.box.Box.__getattr__
  File "box\box.py", line 524, in box.box.Box.__getitem__
box.exceptions.BoxKeyError: "'elasticnet'"

During handling of the above exception, another exception occurred:

Traceback (most recent call last):
  File "box\box.py", line 538, in box.box.Box.__getattr__
AttributeError: 'ConfigBox' object has no attribute 'elasticnet'

The above exception was the direct cause of the following exception:

Traceback (most recent call last):
  File "src/mlProject/pipeline/stage_04_model_trainer.py", line 25, in <module>
    obj.main()
  File "src/mlProject/pipeline/stage_04_model_trainer.py", line 15, in main
    model_trainer_config = config.get_model_trainer_config()
  File "c:\users\saivi\end_to_end_wine_quality_project\src\mlProject\config\configuration.py", line 64, in get_model_trainer_config
    params = self.params.ElasticNet
  File "box\config_box.py", line 30, in box.config_box.ConfigBox.__getattr__
  File "box\box.py", line 552, in box.box.Box.__getattr__
box.exceptions.BoxKeyError: "'ConfigBox' object has no attribute 'elasticnet'"
[2023-12-22 20:54:10,140: INFO: stage_04_model_trainer: >>>>>> stage Model Trainer stage started <<<<<<]
[2023-12-22 20:54:10,140: INFO: common: yaml file: config\config.yaml loaded successfully]
[2023-12-22 20:54:10,140: INFO: common: yaml file: params.yaml loaded successfully]
[2023-12-22 20:54:10,140: INFO: common: yaml file: schema.yaml loaded successfully]
[2023-12-22 20:54:10,140: INFO: common: created directory at: artifacts]
[2023-12-22 20:54:10,150: ERROR: stage_04_model_trainer: "'ConfigBox' object has no attribute 'elasticnet'"]
Traceback (most recent call last):
  File "box\box.py", line 503, in box.box.Box.__getitem__
KeyError: 'ElasticNet'

The above exception was the direct cause of the following exception:

Traceback (most recent call last):
  File "box\box.py", line 536, in box.box.Box.__getattr__
  File "box\box.py", line 524, in box.box.Box.__getitem__
box.exceptions.BoxKeyError: "'ElasticNet'"

During handling of the above exception, another exception occurred:

Traceback (most recent call last):
  File "box\box.py", line 538, in box.box.Box.__getattr__
AttributeError: 'ConfigBox' object has no attribute 'ElasticNet'

The above exception was the direct cause of the following exception:

Traceback (most recent call last):
  File "box\config_box.py", line 28, in box.config_box.ConfigBox.__getattr__
  File "box\box.py", line 552, in box.box.Box.__getattr__
box.exceptions.BoxKeyError: "'ConfigBox' object has no attribute 'ElasticNet'"

During handling of the above exception, another exception occurred:

Traceback (most recent call last):
  File "box\box.py", line 503, in box.box.Box.__getitem__
KeyError: 'elasticnet'

The above exception was the direct cause of the following exception:

Traceback (most recent call last):
  File "box\box.py", line 536, in box.box.Box.__getattr__
  File "box\box.py", line 524, in box.box.Box.__getitem__
box.exceptions.BoxKeyError: "'elasticnet'"

During handling of the above exception, another exception occurred:

Traceback (most recent call last):
  File "box\box.py", line 538, in box.box.Box.__getattr__
AttributeError: 'ConfigBox' object has no attribute 'elasticnet'

The above exception was the direct cause of the following exception:

Traceback (most recent call last):
  File "src/mlProject/pipeline/stage_04_model_trainer.py", line 25, in <module>
    obj.main()
  File "src/mlProject/pipeline/stage_04_model_trainer.py", line 15, in main
    model_trainer_config = config.get_model_trainer_config()
  File "c:\users\saivi\end_to_end_wine_quality_project\src\mlProject\config\configuration.py", line 64, in get_model_trainer_config
    params = self.params.ElasticNet
  File "box\config_box.py", line 30, in box.config_box.ConfigBox.__getattr__
  File "box\box.py", line 552, in box.box.Box.__getattr__
box.exceptions.BoxKeyError: "'ConfigBox' object has no attribute 'elasticnet'"
[2023-12-22 21:00:38,840: INFO: stage_04_model_trainer: >>>>>> stage Model Trainer stage started <<<<<<]
[2023-12-22 21:00:38,840: INFO: common: yaml file: config\config.yaml loaded successfully]
[2023-12-22 21:00:38,840: INFO: common: yaml file: params.yaml loaded successfully]
[2023-12-22 21:00:38,840: INFO: common: yaml file: schema.yaml loaded successfully]
[2023-12-22 21:00:38,840: INFO: common: created directory at: artifacts]
[2023-12-22 21:00:38,840: ERROR: stage_04_model_trainer: "'ConfigBox' object has no attribute 'elasticnet'"]
Traceback (most recent call last):
  File "box\box.py", line 503, in box.box.Box.__getitem__
KeyError: 'ElasticNet'

The above exception was the direct cause of the following exception:

Traceback (most recent call last):
  File "box\box.py", line 536, in box.box.Box.__getattr__
  File "box\box.py", line 524, in box.box.Box.__getitem__
box.exceptions.BoxKeyError: "'ElasticNet'"

During handling of the above exception, another exception occurred:

Traceback (most recent call last):
  File "box\box.py", line 538, in box.box.Box.__getattr__
AttributeError: 'ConfigBox' object has no attribute 'ElasticNet'

The above exception was the direct cause of the following exception:

Traceback (most recent call last):
  File "box\config_box.py", line 28, in box.config_box.ConfigBox.__getattr__
  File "box\box.py", line 552, in box.box.Box.__getattr__
box.exceptions.BoxKeyError: "'ConfigBox' object has no attribute 'ElasticNet'"

During handling of the above exception, another exception occurred:

Traceback (most recent call last):
  File "box\box.py", line 503, in box.box.Box.__getitem__
KeyError: 'elasticnet'

The above exception was the direct cause of the following exception:

Traceback (most recent call last):
  File "box\box.py", line 536, in box.box.Box.__getattr__
  File "box\box.py", line 524, in box.box.Box.__getitem__
box.exceptions.BoxKeyError: "'elasticnet'"

During handling of the above exception, another exception occurred:

Traceback (most recent call last):
  File "box\box.py", line 538, in box.box.Box.__getattr__
AttributeError: 'ConfigBox' object has no attribute 'elasticnet'

The above exception was the direct cause of the following exception:

Traceback (most recent call last):
  File "src/mlProject/pipeline/stage_04_model_trainer.py", line 25, in <module>
    obj.main()
  File "src/mlProject/pipeline/stage_04_model_trainer.py", line 15, in main
    model_trainer_config = config.get_model_trainer_config()
  File "c:\users\saivi\end_to_end_wine_quality_project\src\mlProject\config\configuration.py", line 64, in get_model_trainer_config
    params = self.params.ElasticNet
  File "box\config_box.py", line 30, in box.config_box.ConfigBox.__getattr__
  File "box\box.py", line 552, in box.box.Box.__getattr__
box.exceptions.BoxKeyError: "'ConfigBox' object has no attribute 'elasticnet'"
[2023-12-22 21:16:04,323: INFO: main: >>>>>> stage Data Ingestion stage started <<<<<<]
[2023-12-22 21:16:04,339: INFO: common: yaml file: config\config.yaml loaded successfully]
[2023-12-22 21:16:04,350: INFO: common: yaml file: params.yaml loaded successfully]
[2023-12-22 21:16:04,362: INFO: common: yaml file: schema.yaml loaded successfully]
[2023-12-22 21:16:04,362: INFO: common: created directory at: artifacts]
[2023-12-22 21:16:04,362: INFO: common: created directory at: artifacts/data_ingestion]
[2023-12-22 21:16:04,941: INFO: data_ingestion: artifacts/data_ingestion/data.zip download! with following info: 
Connection: close
Content-Length: 23329
Cache-Control: max-age=300
Content-Security-Policy: default-src 'none'; style-src 'unsafe-inline'; sandbox
Content-Type: application/zip
ETag: "c69888a4ae59bc5a893392785a938ccd4937981c06ba8a9d6a21aa52b4ab5b6e"
Strict-Transport-Security: max-age=31536000
X-Content-Type-Options: nosniff
X-Frame-Options: deny
X-XSS-Protection: 1; mode=block
X-GitHub-Request-Id: 2AD2:1F03:4ABC1A:5FC8E4:65866D13
Accept-Ranges: bytes
Date: Sat, 23 Dec 2023 05:16:04 GMT
Via: 1.1 varnish
X-Served-By: cache-pao-kpao1770047-PAO
X-Cache: MISS
X-Cache-Hits: 0
X-Timer: S1703308565.675943,VS0,VE140
Vary: Authorization,Accept-Encoding,Origin
Access-Control-Allow-Origin: *
Cross-Origin-Resource-Policy: cross-origin
X-Fastly-Request-ID: 81806967580addc078ee74f2240ffd75e1c9b4a5
Expires: Sat, 23 Dec 2023 05:21:04 GMT
Source-Age: 0

]
[2023-12-22 21:16:04,958: INFO: main: >>>>>> stage Data Ingestion stage completed <<<<<<

x==========x]
[2023-12-22 21:16:04,958: INFO: main: >>>>>> stage Data Validation stage started <<<<<<]
[2023-12-22 21:16:04,958: INFO: common: yaml file: config\config.yaml loaded successfully]
[2023-12-22 21:16:04,958: INFO: common: yaml file: params.yaml loaded successfully]
[2023-12-22 21:16:04,958: INFO: common: yaml file: schema.yaml loaded successfully]
[2023-12-22 21:16:04,958: INFO: common: created directory at: artifacts]
[2023-12-22 21:16:04,958: INFO: common: created directory at: artifacts/data_validation]
[2023-12-22 21:16:05,001: INFO: main: >>>>>> stage Data Validation stage completed <<<<<<

x==========x]
[2023-12-22 21:16:05,001: INFO: main: >>>>>> stage Data Transformation stage started <<<<<<]
[2023-12-22 21:16:05,008: INFO: common: yaml file: config\config.yaml loaded successfully]
[2023-12-22 21:16:05,008: INFO: common: yaml file: params.yaml loaded successfully]
[2023-12-22 21:16:05,008: INFO: common: yaml file: schema.yaml loaded successfully]
[2023-12-22 21:16:05,008: INFO: common: created directory at: artifacts]
[2023-12-22 21:16:05,008: INFO: common: created directory at: artifacts/data_transformation]
[2023-12-22 21:16:05,043: INFO: data_transformation: Splited data into training and test sets]
[2023-12-22 21:16:05,043: INFO: data_transformation: (1199, 12)]
[2023-12-22 21:16:05,043: INFO: data_transformation: (400, 12)]
[2023-12-22 21:16:05,043: INFO: main: >>>>>> stage Data Transformation stage completed <<<<<<

x==========x]
[2023-12-22 21:16:05,043: INFO: main: >>>>>> stage Model Trainer stage started <<<<<<]
[2023-12-22 21:16:05,043: INFO: common: yaml file: config\config.yaml loaded successfully]
[2023-12-22 21:16:05,043: INFO: common: yaml file: params.yaml loaded successfully]
[2023-12-22 21:16:05,043: INFO: common: yaml file: schema.yaml loaded successfully]
[2023-12-22 21:16:05,043: INFO: common: created directory at: artifacts]
[2023-12-22 21:16:05,043: ERROR: main: "'ConfigBox' object has no attribute 'elasticnet'"]
Traceback (most recent call last):
  File "box\box.py", line 503, in box.box.Box.__getitem__
KeyError: 'ElasticNet'

The above exception was the direct cause of the following exception:

Traceback (most recent call last):
  File "box\box.py", line 536, in box.box.Box.__getattr__
  File "box\box.py", line 524, in box.box.Box.__getitem__
box.exceptions.BoxKeyError: "'ElasticNet'"

During handling of the above exception, another exception occurred:

Traceback (most recent call last):
  File "box\box.py", line 538, in box.box.Box.__getattr__
AttributeError: 'ConfigBox' object has no attribute 'ElasticNet'

The above exception was the direct cause of the following exception:

Traceback (most recent call last):
  File "box\config_box.py", line 28, in box.config_box.ConfigBox.__getattr__
  File "box\box.py", line 552, in box.box.Box.__getattr__
box.exceptions.BoxKeyError: "'ConfigBox' object has no attribute 'ElasticNet'"

During handling of the above exception, another exception occurred:

Traceback (most recent call last):
  File "box\box.py", line 503, in box.box.Box.__getitem__
KeyError: 'elasticnet'

The above exception was the direct cause of the following exception:

Traceback (most recent call last):
  File "box\box.py", line 536, in box.box.Box.__getattr__
  File "box\box.py", line 524, in box.box.Box.__getitem__
box.exceptions.BoxKeyError: "'elasticnet'"

During handling of the above exception, another exception occurred:

Traceback (most recent call last):
  File "box\box.py", line 538, in box.box.Box.__getattr__
AttributeError: 'ConfigBox' object has no attribute 'elasticnet'

The above exception was the direct cause of the following exception:

Traceback (most recent call last):
  File "main.py", line 46, in <module>
    data_ingestion.main()
  File "c:\users\saivi\end_to_end_wine_quality_project\src\mlProject\pipeline\stage_04_model_trainer.py", line 15, in main
    model_trainer_config = config.get_model_trainer_config()
  File "c:\users\saivi\end_to_end_wine_quality_project\src\mlProject\config\configuration.py", line 64, in get_model_trainer_config
    params = self.params.ElasticNet
  File "box\config_box.py", line 30, in box.config_box.ConfigBox.__getattr__
  File "box\box.py", line 552, in box.box.Box.__getattr__
box.exceptions.BoxKeyError: "'ConfigBox' object has no attribute 'elasticnet'"
[2023-12-22 21:16:53,534: INFO: main: >>>>>> stage Data Ingestion stage started <<<<<<]
[2023-12-22 21:16:53,550: INFO: common: yaml file: config\config.yaml loaded successfully]
[2023-12-22 21:16:53,550: INFO: common: yaml file: params.yaml loaded successfully]
[2023-12-22 21:16:53,557: INFO: common: yaml file: schema.yaml loaded successfully]
[2023-12-22 21:16:53,557: INFO: common: created directory at: artifacts]
[2023-12-22 21:16:53,558: INFO: common: created directory at: artifacts/data_ingestion]
[2023-12-22 21:16:53,558: INFO: data_ingestion: File already exists of size: ~ 23 KB]
[2023-12-22 21:16:53,563: INFO: main: >>>>>> stage Data Ingestion stage completed <<<<<<

x==========x]
[2023-12-22 21:16:53,563: INFO: main: >>>>>> stage Data Validation stage started <<<<<<]
[2023-12-22 21:16:53,563: INFO: common: yaml file: config\config.yaml loaded successfully]
[2023-12-22 21:16:53,563: INFO: common: yaml file: params.yaml loaded successfully]
[2023-12-22 21:16:53,563: INFO: common: yaml file: schema.yaml loaded successfully]
[2023-12-22 21:16:53,563: INFO: common: created directory at: artifacts]
[2023-12-22 21:16:53,563: INFO: common: created directory at: artifacts/data_validation]
[2023-12-22 21:16:53,583: INFO: main: >>>>>> stage Data Validation stage completed <<<<<<

x==========x]
[2023-12-22 21:16:53,583: INFO: main: >>>>>> stage Data Transformation stage started <<<<<<]
[2023-12-22 21:16:53,583: INFO: common: yaml file: config\config.yaml loaded successfully]
[2023-12-22 21:16:53,583: INFO: common: yaml file: params.yaml loaded successfully]
[2023-12-22 21:16:53,583: INFO: common: yaml file: schema.yaml loaded successfully]
[2023-12-22 21:16:53,594: INFO: common: created directory at: artifacts]
[2023-12-22 21:16:53,595: INFO: common: created directory at: artifacts/data_transformation]
[2023-12-22 21:16:53,599: INFO: data_transformation: Splited data into training and test sets]
[2023-12-22 21:16:53,599: INFO: data_transformation: (1199, 12)]
[2023-12-22 21:16:53,599: INFO: data_transformation: (400, 12)]
[2023-12-22 21:16:53,611: INFO: main: >>>>>> stage Data Transformation stage completed <<<<<<

x==========x]
[2023-12-22 21:16:53,612: INFO: main: >>>>>> stage Model Trainer stage started <<<<<<]
[2023-12-22 21:16:53,614: INFO: common: yaml file: config\config.yaml loaded successfully]
[2023-12-22 21:16:53,616: INFO: common: yaml file: params.yaml loaded successfully]
[2023-12-22 21:16:53,616: INFO: common: yaml file: schema.yaml loaded successfully]
[2023-12-22 21:16:53,616: INFO: common: created directory at: artifacts]
[2023-12-22 21:16:53,616: INFO: common: created directory at: artifacts/model_trainer]
[2023-12-22 21:16:53,616: ERROR: main: "'ConfigBox' object has no attribute 'alpha'"]
Traceback (most recent call last):
  File "box\box.py", line 503, in box.box.Box.__getitem__
KeyError: 'alpha'

The above exception was the direct cause of the following exception:

Traceback (most recent call last):
  File "box\box.py", line 536, in box.box.Box.__getattr__
  File "box\box.py", line 524, in box.box.Box.__getitem__
box.exceptions.BoxKeyError: "'alpha'"

During handling of the above exception, another exception occurred:

Traceback (most recent call last):
  File "box\box.py", line 538, in box.box.Box.__getattr__
AttributeError: 'ConfigBox' object has no attribute 'alpha'

The above exception was the direct cause of the following exception:

Traceback (most recent call last):
  File "box\config_box.py", line 28, in box.config_box.ConfigBox.__getattr__
  File "box\box.py", line 552, in box.box.Box.__getattr__
box.exceptions.BoxKeyError: "'ConfigBox' object has no attribute 'alpha'"

During handling of the above exception, another exception occurred:

Traceback (most recent call last):
  File "box\box.py", line 503, in box.box.Box.__getitem__
KeyError: 'alpha'

The above exception was the direct cause of the following exception:

Traceback (most recent call last):
  File "box\box.py", line 536, in box.box.Box.__getattr__
  File "box\box.py", line 524, in box.box.Box.__getitem__
box.exceptions.BoxKeyError: "'alpha'"

During handling of the above exception, another exception occurred:

Traceback (most recent call last):
  File "box\box.py", line 538, in box.box.Box.__getattr__
AttributeError: 'ConfigBox' object has no attribute 'alpha'

The above exception was the direct cause of the following exception:

Traceback (most recent call last):
  File "main.py", line 46, in <module>
    data_ingestion.main()
  File "c:\users\saivi\end_to_end_wine_quality_project\src\mlProject\pipeline\stage_04_model_trainer.py", line 15, in main
    model_trainer_config = config.get_model_trainer_config()
  File "c:\users\saivi\end_to_end_wine_quality_project\src\mlProject\config\configuration.py", line 74, in get_model_trainer_config
    alpha = self.params.alpha,
  File "box\config_box.py", line 30, in box.config_box.ConfigBox.__getattr__
  File "box\box.py", line 552, in box.box.Box.__getattr__
box.exceptions.BoxKeyError: "'ConfigBox' object has no attribute 'alpha'"
[2023-12-22 21:18:15,983: INFO: main: >>>>>> stage Data Ingestion stage started <<<<<<]
[2023-12-22 21:18:15,983: INFO: common: yaml file: config\config.yaml loaded successfully]
[2023-12-22 21:18:15,983: INFO: common: yaml file: params.yaml loaded successfully]
[2023-12-22 21:18:15,983: INFO: common: yaml file: schema.yaml loaded successfully]
[2023-12-22 21:18:15,983: INFO: common: created directory at: artifacts]
[2023-12-22 21:18:15,983: INFO: common: created directory at: artifacts/data_ingestion]
[2023-12-22 21:18:15,983: INFO: data_ingestion: File already exists of size: ~ 23 KB]
[2023-12-22 21:18:16,001: INFO: main: >>>>>> stage Data Ingestion stage completed <<<<<<

x==========x]
[2023-12-22 21:18:16,003: INFO: main: >>>>>> stage Data Validation stage started <<<<<<]
[2023-12-22 21:18:16,006: INFO: common: yaml file: config\config.yaml loaded successfully]
[2023-12-22 21:18:16,009: INFO: common: yaml file: params.yaml loaded successfully]
[2023-12-22 21:18:16,041: INFO: common: yaml file: schema.yaml loaded successfully]
[2023-12-22 21:18:16,052: INFO: common: created directory at: artifacts]
[2023-12-22 21:18:16,064: INFO: common: created directory at: artifacts/data_validation]
[2023-12-22 21:18:16,102: INFO: main: >>>>>> stage Data Validation stage completed <<<<<<

x==========x]
[2023-12-22 21:18:16,102: INFO: main: >>>>>> stage Data Transformation stage started <<<<<<]
[2023-12-22 21:18:16,102: INFO: common: yaml file: config\config.yaml loaded successfully]
[2023-12-22 21:18:16,102: INFO: common: yaml file: params.yaml loaded successfully]
[2023-12-22 21:18:16,102: INFO: common: yaml file: schema.yaml loaded successfully]
[2023-12-22 21:18:16,117: INFO: common: created directory at: artifacts]
[2023-12-22 21:18:16,118: INFO: common: created directory at: artifacts/data_transformation]
[2023-12-22 21:18:16,124: INFO: data_transformation: Splited data into training and test sets]
[2023-12-22 21:18:16,124: INFO: data_transformation: (1199, 12)]
[2023-12-22 21:18:16,124: INFO: data_transformation: (400, 12)]
[2023-12-22 21:18:16,133: INFO: main: >>>>>> stage Data Transformation stage completed <<<<<<

x==========x]
[2023-12-22 21:18:16,133: INFO: main: >>>>>> stage Model Trainer stage started <<<<<<]
[2023-12-22 21:18:16,136: INFO: common: yaml file: config\config.yaml loaded successfully]
[2023-12-22 21:18:16,137: INFO: common: yaml file: params.yaml loaded successfully]
[2023-12-22 21:18:16,137: INFO: common: yaml file: schema.yaml loaded successfully]
[2023-12-22 21:18:16,137: INFO: common: created directory at: artifacts]
[2023-12-22 21:18:16,137: INFO: common: created directory at: artifacts/model_trainer]
[2023-12-22 21:18:16,186: INFO: main: >>>>>> stage Model Trainer stage completed <<<<<<

x==========x]
[2023-12-22 21:18:16,186: INFO: main: >>>>>> stage Model Evaluation stage started <<<<<<]
[2023-12-22 21:18:16,186: INFO: common: yaml file: config\config.yaml loaded successfully]
[2023-12-22 21:18:16,186: INFO: common: yaml file: params.yaml loaded successfully]
[2023-12-22 21:18:16,186: INFO: common: yaml file: schema.yaml loaded successfully]
[2023-12-22 21:18:16,186: INFO: common: created directory at: artifacts]
[2023-12-22 21:18:16,186: INFO: common: created directory at: artifacts/model_evaluation]
[2023-12-22 21:18:16,939: INFO: common: json file saved at: artifacts\model_evaluation\metrics.json]
[2023-12-22 21:18:24,109: INFO: main: >>>>>> stage Model Evaluation stage completed <<<<<<

x==========x]
[2023-12-22 22:58:30,716: INFO: main: >>>>>> stage Data Ingestion stage started <<<<<<]
[2023-12-22 22:58:30,716: INFO: common: yaml file: config\config.yaml loaded successfully]
[2023-12-22 22:58:30,716: INFO: common: yaml file: params.yaml loaded successfully]
[2023-12-22 22:58:30,726: INFO: common: yaml file: schema.yaml loaded successfully]
[2023-12-22 22:58:30,730: INFO: common: created directory at: artifacts]
[2023-12-22 22:58:30,730: INFO: common: created directory at: artifacts/data_ingestion]
[2023-12-22 22:58:30,733: INFO: data_ingestion: File already exists of size: ~ 23 KB]
[2023-12-22 22:58:30,745: INFO: main: >>>>>> stage Data Ingestion stage completed <<<<<<

x==========x]
[2023-12-22 22:58:30,745: INFO: main: >>>>>> stage Data Validation stage started <<<<<<]
[2023-12-22 22:58:30,754: INFO: common: yaml file: config\config.yaml loaded successfully]
[2023-12-22 22:58:30,759: INFO: common: yaml file: params.yaml loaded successfully]
[2023-12-22 22:58:30,760: INFO: common: yaml file: schema.yaml loaded successfully]
[2023-12-22 22:58:30,762: INFO: common: created directory at: artifacts]
[2023-12-22 22:58:30,762: INFO: common: created directory at: artifacts/data_validation]
[2023-12-22 22:58:30,793: INFO: main: >>>>>> stage Data Validation stage completed <<<<<<

x==========x]
[2023-12-22 22:58:30,793: INFO: main: >>>>>> stage Data Transformation stage started <<<<<<]
[2023-12-22 22:58:30,797: INFO: common: yaml file: config\config.yaml loaded successfully]
[2023-12-22 22:58:30,800: INFO: common: yaml file: params.yaml loaded successfully]
[2023-12-22 22:58:30,802: INFO: common: yaml file: schema.yaml loaded successfully]
[2023-12-22 22:58:30,802: INFO: common: created directory at: artifacts]
[2023-12-22 22:58:30,802: INFO: common: created directory at: artifacts/data_transformation]
[2023-12-22 22:58:30,829: INFO: data_transformation: Splited data into training and test sets]
[2023-12-22 22:58:30,832: INFO: data_transformation: (1199, 12)]
[2023-12-22 22:58:30,832: INFO: data_transformation: (400, 12)]
[2023-12-22 22:58:30,832: INFO: main: >>>>>> stage Data Transformation stage completed <<<<<<

x==========x]
[2023-12-22 22:58:30,834: INFO: main: >>>>>> stage Model Trainer stage started <<<<<<]
[2023-12-22 22:58:30,834: INFO: common: yaml file: config\config.yaml loaded successfully]
[2023-12-22 22:58:30,834: INFO: common: yaml file: params.yaml loaded successfully]
[2023-12-22 22:58:30,834: INFO: common: yaml file: schema.yaml loaded successfully]
[2023-12-22 22:58:30,834: INFO: common: created directory at: artifacts]
[2023-12-22 22:58:30,834: INFO: common: created directory at: artifacts/model_trainer]
[2023-12-22 22:58:30,880: INFO: main: >>>>>> stage Model Trainer stage completed <<<<<<

x==========x]
[2023-12-22 22:58:30,880: INFO: main: >>>>>> stage Model Evaluation stage started <<<<<<]
[2023-12-22 22:58:30,880: INFO: common: yaml file: config\config.yaml loaded successfully]
[2023-12-22 22:58:30,880: INFO: common: yaml file: params.yaml loaded successfully]
[2023-12-22 22:58:30,880: INFO: common: yaml file: schema.yaml loaded successfully]
[2023-12-22 22:58:30,880: INFO: common: created directory at: artifacts]
[2023-12-22 22:58:30,880: INFO: common: created directory at: artifacts/model_evaluation]
[2023-12-22 22:58:30,903: INFO: common: json file saved at: artifacts\model_evaluation\metrics.json]
[2023-12-22 22:58:30,903: INFO: main: >>>>>> stage Model Evaluation stage completed <<<<<<

x==========x]
